Obtaining file:///workspace/scratch/f8392732e1af/dslm3
  Installing build dependencies: started
  Installing build dependencies: finished with status 'done'
  Checking if build backend supports build_editable: started
  Checking if build backend supports build_editable: finished with status 'done'
  Getting requirements to build editable: started
  Getting requirements to build editable: finished with status 'done'
  Preparing editable metadata (pyproject.toml): started
  Preparing editable metadata (pyproject.toml): finished with status 'done'
Collecting docling==2.128.0 (from dslm3==3.0.0)
  Downloading docling-2.128.0-py3-none-any.whl.metadata (11 kB)
Collecting opencv-python==4.12.0.88 (from dslm3==3.0.0)
  Downloading opencv_python-4.12.0.88-cp37-abi3-manylinux2014_x86_64.manylinux_2_17_x86_64.whl.metadata (19 kB)
Collecting numpy==2.2.6 (from dslm3==3.0.0)
  Downloading numpy-2.2.6-cp312-cp312-manylinux_2_17_x86_64.manylinux2014_x86_64.whl.metadata (62 kB)
Collecting fastapi==0.141.1 (from dslm3==3.0.0)
  Downloading fastapi-0.141.1-py3-none-any.whl.metadata (27 kB)
Collecting uvicorn<1,>=0.30 (from dslm3==3.0.0)
  Downloading uvicorn-0.53.0-py3-none-any.whl.metadata (6.6 kB)
Collecting python-multipart>=0.0.18 (from dslm3==3.0.0)
  Downloading python_multipart-0.0.32-py3-none-any.whl.metadata (2.1 kB)
Collecting sqlglot==30.18.0 (from dslm3==3.0.0)
  Downloading sqlglot-30.18.0-py3-none-any.whl.metadata (25 kB)
Collecting sqlparse<1,>=0.5 (from dslm3==3.0.0)
  Downloading sqlparse-0.6.0-py3-none-any.whl.metadata (6.0 kB)
Collecting openpyxl<4,>=3.1 (from dslm3==3.0.0)
  Downloading openpyxl-3.1.5-py2.py3-none-any.whl.metadata (2.5 kB)
Collecting xlrd<3,>=2 (from dslm3==3.0.0)
  Downloading xlrd-2.0.2-py2.py3-none-any.whl.metadata (3.5 kB)
Collecting pyxlsb<2,>=1 (from dslm3==3.0.0)
  Downloading pyxlsb-1.0.10-py2.py3-none-any.whl.metadata (2.5 kB)
Collecting odfpy>=1.4 (from dslm3==3.0.0)
  Downloading odfpy-1.4.1.tar.gz (717 kB)
     ━━━━━━━━━━━━━━━━━━━━━━━━━━━━━━━━━━━━━━ 717.0/717.0 kB 77.7 MB/s eta 0:00:00
  Installing build dependencies: started
  Installing build dependencies: finished with status 'done'
  Getting requirements to build wheel: started
  Getting requirements to build wheel: finished with status 'done'
  Preparing metadata (pyproject.toml): started
  Preparing metadata (pyproject.toml): finished with status 'done'
Collecting httpx<1,>=0.28 (from httpx[socks]<1,>=0.28->dslm3==3.0.0)
  Downloading httpx-0.28.1-py3-none-any.whl.metadata (7.1 kB)
Collecting PyYAML<7,>=6 (from dslm3==3.0.0)
  Downloading pyyaml-6.0.3-cp312-cp312-manylinux2014_x86_64.manylinux_2_17_x86_64.manylinux_2_28_x86_64.whl.metadata (2.4 kB)
Collecting charset-normalizer<4,>=3 (from dslm3==3.0.0)
  Downloading charset_normalizer-3.5.1-cp312-cp312-manylinux2014_x86_64.manylinux_2_17_x86_64.manylinux_2_28_x86_64.whl.metadata (45 kB)
Collecting defusedxml<1,>=0.7 (from dslm3==3.0.0)
  Downloading defusedxml-0.7.1-py2.py3-none-any.whl.metadata (32 kB)
Collecting lxml<7,>=6 (from dslm3==3.0.0)
  Downloading lxml-6.1.3-cp312-cp312-manylinux_2_26_x86_64.manylinux_2_28_x86_64.whl.metadata (3.3 kB)
Collecting psutil<8,>=6 (from dslm3==3.0.0)
  Downloading psutil-7.2.2-cp36-abi3-manylinux2010_x86_64.manylinux_2_12_x86_64.manylinux_2_28_x86_64.whl.metadata (22 kB)
Collecting tzdata>=2025.1 (from dslm3==3.0.0)
  Downloading tzdata-2026.4-py2.py3-none-any.whl.metadata (1.4 kB)
Collecting beautifulsoup4<5,>=4.12 (from dslm3==3.0.0)
  Downloading beautifulsoup4-4.15.0-py3-none-any.whl.metadata (3.8 kB)
Collecting docling-slim==2.128.0 (from docling-slim[standard]==2.128.0->docling==2.128.0->dslm3==3.0.0)
  Downloading docling_slim-2.128.0-py3-none-any.whl.metadata (20 kB)
Collecting starlette>=0.46.0 (from fastapi==0.141.1->dslm3==3.0.0)
  Downloading starlette-1.6.0-py3-none-any.whl.metadata (6.4 kB)
Collecting pydantic>=2.9.0 (from fastapi==0.141.1->dslm3==3.0.0)
  Downloading pydantic-2.13.5-py3-none-any.whl.metadata (110 kB)
Requirement already satisfied: typing-extensions>=4.8.0 in ./.venv/lib/python3.12/site-packages (from fastapi==0.141.1->dslm3==3.0.0) (4.16.0)
Collecting typing-inspection>=0.4.2 (from fastapi==0.141.1->dslm3==3.0.0)
  Downloading typing_inspection-0.4.4-py3-none-any.whl.metadata (2.6 kB)
Collecting annotated-doc>=0.0.2 (from fastapi==0.141.1->dslm3==3.0.0)
  Downloading annotated_doc-0.0.5-py3-none-any.whl.metadata (6.5 kB)
Collecting certifi>=2024.7.4 (from docling-slim==2.128.0->docling-slim[standard]==2.128.0->docling==2.128.0->dslm3==3.0.0)
  Downloading certifi-2026.7.22-py3-none-any.whl.metadata (2.5 kB)
Collecting docling-core<3.0.0,>=2.96.0 (from docling-slim==2.128.0->docling-slim[standard]==2.128.0->docling==2.128.0->dslm3==3.0.0)
  Downloading docling_core-2.97.0-py3-none-any.whl.metadata (8.4 kB)
Collecting filetype<2.0.0,>=1.2.0 (from docling-slim==2.128.0->docling-slim[standard]==2.128.0->docling==2.128.0->dslm3==3.0.0)
  Downloading filetype-1.2.0-py2.py3-none-any.whl.metadata (6.5 kB)
Collecting langcodes<4.0.0,>=3.5.0 (from docling-slim==2.128.0->docling-slim[standard]==2.128.0->docling==2.128.0->dslm3==3.0.0)
  Downloading langcodes-3.5.1-py3-none-any.whl.metadata (30 kB)
Collecting pluggy<2.0.0,>=1.0.0 (from docling-slim==2.128.0->docling-slim[standard]==2.128.0->docling==2.128.0->dslm3==3.0.0)
  Downloading pluggy-1.6.0-py3-none-any.whl.metadata (4.8 kB)
Collecting pydantic-settings<3.0.0,>=2.3.0 (from docling-slim==2.128.0->docling-slim[standard]==2.128.0->docling==2.128.0->dslm3==3.0.0)
  Downloading pydantic_settings-2.15.0-py3-none-any.whl.metadata (3.9 kB)
Collecting requests<3.0.0,>=2.32.2 (from docling-slim==2.128.0->docling-slim[standard]==2.128.0->docling==2.128.0->dslm3==3.0.0)
  Downloading requests-2.34.2-py3-none-any.whl.metadata (4.8 kB)
Collecting tqdm<5.0.0,>=4.65.0 (from docling-slim==2.128.0->docling-slim[standard]==2.128.0->docling==2.128.0->dslm3==3.0.0)
  Downloading tqdm-4.70.1-py3-none-any.whl.metadata (57 kB)
Collecting accelerate<2,>=1.0.0 (from docling-slim[standard]==2.128.0->docling==2.128.0->dslm3==3.0.0)
  Downloading accelerate-1.15.0-py3-none-any.whl.metadata (19 kB)
Collecting docling-ibm-models<5,>=4.0.2 (from docling-slim[standard]==2.128.0->docling==2.128.0->dslm3==3.0.0)
  Downloading docling_ibm_models-4.0.2-py3-none-any.whl.metadata (6.3 kB)
Collecting docling-parse<8.0.0,>=7.20.0 (from docling-slim[standard]==2.128.0->docling==2.128.0->dslm3==3.0.0)
  Downloading docling_parse-7.20.0-cp312-cp312-manylinux_2_27_x86_64.manylinux_2_28_x86_64.whl.metadata (15 kB)
Collecting huggingface-hub<2,>=0.23 (from docling-slim[standard]==2.128.0->docling==2.128.0->dslm3==3.0.0)
  Downloading huggingface_hub-1.31.0-py3-none-any.whl.metadata (16 kB)
Collecting mail-parser<5.0.0,>=4.1.4 (from docling-slim[standard]==2.128.0->docling==2.128.0->dslm3==3.0.0)
  Downloading mail_parser-4.6.5-py3-none-any.whl.metadata (25 kB)
Collecting marko<3.0.0,>=2.1.2 (from docling-slim[standard]==2.128.0->docling==2.128.0->dslm3==3.0.0)
  Downloading marko-2.2.4-py3-none-any.whl.metadata (4.5 kB)
Requirement already satisfied: pillow<13.0.0,>=10.0.0 in ./.venv/lib/python3.12/site-packages (from docling-slim[standard]==2.128.0->docling==2.128.0->dslm3==3.0.0) (12.3.0)
Collecting polyfactory>=2.22.2 (from docling-slim[standard]==2.128.0->docling==2.128.0->dslm3==3.0.0)
  Downloading polyfactory-3.3.0-py3-none-any.whl.metadata (27 kB)
Collecting pylatexenc<3.0,>=2.10 (from docling-slim[standard]==2.128.0->docling==2.128.0->dslm3==3.0.0)
  Downloading pylatexenc-2.11-py2.py3-none-any.whl.metadata (3.9 kB)
Collecting pypdfium2!=4.30.1,<6.0.0,>=4.30.0 (from docling-slim[standard]==2.128.0->docling==2.128.0->dslm3==3.0.0)
  Downloading pypdfium2-5.13.0-py3-none-manylinux_2_17_x86_64.manylinux2014_x86_64.whl.metadata (66 kB)
Collecting python-docx<2.0.0,>=1.2.0 (from docling-slim[standard]==2.128.0->docling==2.128.0->dslm3==3.0.0)
  Downloading python_docx-1.2.0-py3-none-any.whl.metadata (2.0 kB)
Collecting python-dotenv~=1.0 (from docling-slim[standard]==2.128.0->docling==2.128.0->dslm3==3.0.0)
  Downloading python_dotenv-1.2.3-py3-none-any.whl.metadata (29 kB)
Collecting python-oxmsg<0.1.0,>=0.0.2 (from docling-slim[standard]==2.128.0->docling==2.128.0->dslm3==3.0.0)
  Downloading python_oxmsg-0.0.2-py3-none-any.whl.metadata (5.0 kB)
Collecting python-pptx<2.0.0,>=1.0.2 (from docling-slim[standard]==2.128.0->docling==2.128.0->dslm3==3.0.0)
  Downloading python_pptx-1.0.2-py3-none-any.whl.metadata (2.5 kB)
Collecting rapidocr<4.0.0,>=3.9.1 (from docling-slim[standard]==2.128.0->docling==2.128.0->dslm3==3.0.0)
  Downloading rapidocr-3.9.2-py3-none-any.whl.metadata (1.1 kB)
Collecting rich>=13.0.0 (from docling-slim[standard]==2.128.0->docling==2.128.0->dslm3==3.0.0)
  Downloading rich-15.0.0-py3-none-any.whl.metadata (18 kB)
Collecting rtree<2.0.0,>=1.3.0 (from docling-slim[standard]==2.128.0->docling==2.128.0->dslm3==3.0.0)
  Downloading rtree-1.4.1-py3-none-manylinux_2_24_x86_64.manylinux_2_28_x86_64.whl.metadata (2.1 kB)
Collecting scipy<2.0.0,>=1.6.0 (from docling-slim[standard]==2.128.0->docling==2.128.0->dslm3==3.0.0)
  Downloading scipy-1.18.1-cp312-cp312-manylinux_2_27_x86_64.manylinux_2_28_x86_64.whl.metadata (62 kB)
Requirement already satisfied: torch<3.0.0,>=2.2.2 in ./.venv/lib/python3.12/site-packages (from docling-slim[standard]==2.128.0->docling==2.128.0->dslm3==3.0.0) (2.14.0+cpu)
Requirement already satisfied: torchvision<1,>=0 in ./.venv/lib/python3.12/site-packages (from docling-slim[standard]==2.128.0->docling==2.128.0->dslm3==3.0.0) (0.29.0+cpu)
Collecting typer<0.27.0,>=0.19.0 (from docling-slim[standard]==2.128.0->docling==2.128.0->dslm3==3.0.0)
  Downloading typer-0.26.8-py3-none-any.whl.metadata (15 kB)
Collecting websockets<17.0,>=14.0 (from docling-slim[standard]==2.128.0->docling==2.128.0->dslm3==3.0.0)
  Downloading websockets-16.1.1-cp312-cp312-manylinux1_x86_64.manylinux_2_28_x86_64.manylinux_2_5_x86_64.whl.metadata (6.8 kB)
Collecting pytest>=8 (from dslm3==3.0.0)
  Downloading pytest-9.1.1-py3-none-any.whl.metadata (7.6 kB)
Collecting playwright==1.56.0 (from dslm3==3.0.0)
  Downloading playwright-1.56.0-py3-none-manylinux1_x86_64.whl.metadata (3.5 kB)
Collecting build>=1 (from dslm3==3.0.0)
  Downloading build-1.6.1-py3-none-any.whl.metadata (5.6 kB)
Collecting ruff>=0.12 (from dslm3==3.0.0)
  Downloading ruff-0.16.8-py3-none-manylinux_2_17_x86_64.manylinux2014_x86_64.whl.metadata (20 kB)
Collecting xlwt==1.3.0 (from dslm3==3.0.0)
  Downloading xlwt-1.3.0-py2.py3-none-any.whl.metadata (3.5 kB)
Collecting jsbeautifier>=1.15 (from dslm3==3.0.0)
  Downloading jsbeautifier-2.0.3-py3-none-any.whl.metadata (481 bytes)
Collecting pyee<14,>=13 (from playwright==1.56.0->dslm3==3.0.0)
  Downloading pyee-13.0.1-py3-none-any.whl.metadata (3.0 kB)
Collecting greenlet<4.0.0,>=3.1.1 (from playwright==1.56.0->dslm3==3.0.0)
  Downloading greenlet-3.5.6-cp312-cp312-manylinux_2_24_x86_64.manylinux_2_28_x86_64.whl.metadata (3.8 kB)
Collecting soupsieve>=1.6.1 (from beautifulsoup4<5,>=4.12->dslm3==3.0.0)
  Downloading soupsieve-2.9.2-py3-none-any.whl.metadata (4.6 kB)
Collecting packaging>=24.0 (from build>=1->dslm3==3.0.0)
  Downloading packaging-26.3-py3-none-any.whl.metadata (3.5 kB)
Collecting pyproject_hooks (from build>=1->dslm3==3.0.0)
  Downloading pyproject_hooks-1.3.3-py3-none-any.whl.metadata (1.3 kB)
Collecting anyio (from httpx<1,>=0.28->httpx[socks]<1,>=0.28->dslm3==3.0.0)
  Downloading anyio-4.15.1-py3-none-any.whl.metadata (4.7 kB)
Collecting httpcore==1.* (from httpx<1,>=0.28->httpx[socks]<1,>=0.28->dslm3==3.0.0)
  Downloading httpcore-1.0.9-py3-none-any.whl.metadata (21 kB)
Collecting idna (from httpx<1,>=0.28->httpx[socks]<1,>=0.28->dslm3==3.0.0)
  Downloading idna-3.19-py3-none-any.whl.metadata (9.2 kB)
Collecting h11>=0.16 (from httpcore==1.*->httpx<1,>=0.28->httpx[socks]<1,>=0.28->dslm3==3.0.0)
  Downloading h11-0.16.0-py3-none-any.whl.metadata (8.3 kB)
Collecting socksio==1.* (from httpx[socks]<1,>=0.28->dslm3==3.0.0)
  Downloading socksio-1.0.0-py3-none-any.whl.metadata (6.1 kB)
Collecting editorconfig>=0.12.2 (from jsbeautifier>=1.15->dslm3==3.0.0)
  Downloading editorconfig-0.17.1-py3-none-any.whl.metadata (3.9 kB)
Collecting et-xmlfile (from openpyxl<4,>=3.1->dslm3==3.0.0)
  Downloading et_xmlfile-2.0.0-py3-none-any.whl.metadata (2.7 kB)
Collecting iniconfig>=1.0.1 (from pytest>=8->dslm3==3.0.0)
  Downloading iniconfig-2.3.0-py3-none-any.whl.metadata (2.5 kB)
Collecting pygments>=2.7.2 (from pytest>=8->dslm3==3.0.0)
  Downloading pygments-2.21.0-py3-none-any.whl.metadata (2.5 kB)
Collecting XlsxWriter>=0.5.7 (from python-pptx<2.0.0,>=1.0.2->docling-slim[standard]==2.128.0->docling==2.128.0->dslm3==3.0.0)
  Downloading xlsxwriter-3.2.9-py3-none-any.whl.metadata (2.7 kB)
Collecting click>=7.0 (from uvicorn<1,>=0.30->dslm3==3.0.0)
  Downloading click-8.5.0-py3-none-any.whl.metadata (2.6 kB)
Collecting annotated-types>=0.6.0 (from pydantic>=2.9.0->fastapi==0.141.1->dslm3==3.0.0)
  Downloading annotated_types-0.8.0-py3-none-any.whl.metadata (15 kB)
Collecting pydantic-core==2.46.5 (from pydantic>=2.9.0->fastapi==0.141.1->dslm3==3.0.0)
  Downloading pydantic_core-2.46.5-cp312-cp312-manylinux_2_17_x86_64.manylinux2014_x86_64.whl.metadata (6.6 kB)
Collecting safetensors>=0.4.3 (from accelerate<2,>=1.0.0->docling-slim[standard]==2.128.0->docling==2.128.0->dslm3==3.0.0)
  Downloading safetensors-0.8.0-cp310-abi3-manylinux_2_17_x86_64.manylinux2014_x86_64.whl.metadata (4.2 kB)
Collecting jsonschema<5.0.0,>=4.16.0 (from docling-core<3.0.0,>=2.96.0->docling-slim==2.128.0->docling-slim[standard]==2.128.0->docling==2.128.0->dslm3==3.0.0)
  Downloading jsonschema-4.26.0-py3-none-any.whl.metadata (7.6 kB)
Collecting jsonref<2.0.0,>=1.1.0 (from docling-core<3.0.0,>=2.96.0->docling-slim==2.128.0->docling-slim[standard]==2.128.0->docling==2.128.0->dslm3==3.0.0)
  Downloading jsonref-1.1.0-py3-none-any.whl.metadata (2.7 kB)
Collecting tabulate<0.11.0,>=0.9.0 (from docling-core<3.0.0,>=2.96.0->docling-slim==2.128.0->docling-slim[standard]==2.128.0->docling==2.128.0->dslm3==3.0.0)
  Downloading tabulate-0.10.0-py3-none-any.whl.metadata (40 kB)
Collecting pandas<4.0.0,>=2.1.4 (from docling-core<3.0.0,>=2.96.0->docling-slim==2.128.0->docling-slim[standard]==2.128.0->docling==2.128.0->dslm3==3.0.0)
  Downloading pandas-3.0.5-cp312-cp312-manylinux_2_24_x86_64.manylinux_2_28_x86_64.whl.metadata (79 kB)
Collecting latex2mathml<4.0.0,>=3.77.0 (from docling-core<3.0.0,>=2.96.0->docling-slim==2.128.0->docling-slim[standard]==2.128.0->docling==2.128.0->dslm3==3.0.0)
  Downloading latex2mathml-3.81.1-py3-none-any.whl.metadata (15 kB)
Collecting doclang<0.8,>=0.7 (from docling-core<3.0.0,>=2.96.0->docling-slim==2.128.0->docling-slim[standard]==2.128.0->docling==2.128.0->dslm3==3.0.0)
  Downloading doclang-0.7.3-py3-none-any.whl.metadata (4.6 kB)
Collecting semchunk<4.0.0,>=2.2.0 (from docling-core[chunking]<3.0.0,>=2.96.0; extra == "standard"->docling-slim[standard]==2.128.0->docling==2.128.0->dslm3==3.0.0)
  Downloading semchunk-3.2.5-py3-none-any.whl.metadata (14 kB)
Collecting tree-sitter<0.27.0,>=0.25.0 (from docling-core[chunking]<3.0.0,>=2.96.0; extra == "standard"->docling-slim[standard]==2.128.0->docling==2.128.0->dslm3==3.0.0)
  Downloading tree_sitter-0.26.0-cp312-cp312-manylinux2014_x86_64.manylinux_2_17_x86_64.manylinux_2_28_x86_64.whl.metadata (10 kB)
Collecting tree-sitter-python>=0.23.6 (from docling-core[chunking]<3.0.0,>=2.96.0; extra == "standard"->docling-slim[standard]==2.128.0->docling==2.128.0->dslm3==3.0.0)
  Downloading tree_sitter_python-0.25.0-cp310-abi3-manylinux1_x86_64.manylinux_2_28_x86_64.manylinux_2_5_x86_64.whl.metadata (1.9 kB)
Collecting tree-sitter-c>=0.23.4 (from docling-core[chunking]<3.0.0,>=2.96.0; extra == "standard"->docling-slim[standard]==2.128.0->docling==2.128.0->dslm3==3.0.0)
  Downloading tree_sitter_c-0.24.2-cp310-abi3-manylinux1_x86_64.manylinux_2_28_x86_64.manylinux_2_5_x86_64.whl.metadata (1.8 kB)
Collecting tree-sitter-javascript>=0.23.1 (from docling-core[chunking]<3.0.0,>=2.96.0; extra == "standard"->docling-slim[standard]==2.128.0->docling==2.128.0->dslm3==3.0.0)
  Downloading tree_sitter_javascript-0.25.0-cp310-abi3-manylinux1_x86_64.manylinux_2_28_x86_64.manylinux_2_5_x86_64.whl.metadata (2.2 kB)
Collecting tree-sitter-typescript>=0.23.2 (from docling-core[chunking]<3.0.0,>=2.96.0; extra == "standard"->docling-slim[standard]==2.128.0->docling==2.128.0->dslm3==3.0.0)
  Downloading tree_sitter_typescript-0.23.2-cp39-abi3-manylinux_2_5_x86_64.manylinux1_x86_64.manylinux_2_17_x86_64.manylinux2014_x86_64.whl.metadata (2.3 kB)
Collecting transformers<6.0.0,>=4.42.0 (from docling-core[chunking]<3.0.0,>=2.96.0; extra == "standard"->docling-slim[standard]==2.128.0->docling==2.128.0->dslm3==3.0.0)
  Downloading transformers-5.17.0-py3-none-any.whl.metadata (32 kB)
Requirement already satisfied: filelock>=3.10.0 in ./.venv/lib/python3.12/site-packages (from huggingface-hub<2,>=0.23->docling-slim[standard]==2.128.0->docling==2.128.0->dslm3==3.0.0) (3.32.3)
Requirement already satisfied: fsspec>=2023.5.0 in ./.venv/lib/python3.12/site-packages (from huggingface-hub<2,>=0.23->docling-slim[standard]==2.128.0->docling==2.128.0->dslm3==3.0.0) (2026.7.0)
Collecting hf-xet<2.0.0,>=1.5.2 (from huggingface-hub<2,>=0.23->docling-slim[standard]==2.128.0->docling==2.128.0->dslm3==3.0.0)
  Downloading hf_xet-1.6.0-cp38-abi3-manylinux2014_x86_64.manylinux_2_17_x86_64.whl.metadata (4.9 kB)
Collecting faker>=5.0.0 (from polyfactory>=2.22.2->docling-slim[standard]==2.128.0->docling==2.128.0->dslm3==3.0.0)
  Downloading faker-40.39.0-py3-none-any.whl.metadata (16 kB)
Collecting olefile (from python-oxmsg<0.1.0,>=0.0.2->docling-slim[standard]==2.128.0->docling==2.128.0->dslm3==3.0.0)
  Downloading olefile-0.47-py2.py3-none-any.whl.metadata (9.7 kB)
Collecting pyclipper>=1.2.0 (from rapidocr<4.0.0,>=3.9.1->docling-slim[standard]==2.128.0->docling==2.128.0->dslm3==3.0.0)
  Downloading pyclipper-1.4.0-cp312-cp312-manylinux2014_x86_64.manylinux_2_17_x86_64.whl.metadata (8.6 kB)
Collecting six>=1.15.0 (from rapidocr<4.0.0,>=3.9.1->docling-slim[standard]==2.128.0->docling==2.128.0->dslm3==3.0.0)
  Downloading six-1.17.0-py2.py3-none-any.whl.metadata (1.7 kB)
Collecting Shapely!=2.0.4,>=1.7.1 (from rapidocr<4.0.0,>=3.9.1->docling-slim[standard]==2.128.0->docling==2.128.0->dslm3==3.0.0)
  Downloading shapely-2.1.2-cp312-cp312-manylinux2014_x86_64.manylinux_2_17_x86_64.whl.metadata (6.8 kB)
Collecting omegaconf!=2.2.1 (from rapidocr<4.0.0,>=3.9.1->docling-slim[standard]==2.128.0->docling==2.128.0->dslm3==3.0.0)
  Downloading omegaconf-2.3.1-py3-none-any.whl.metadata (4.5 kB)
Collecting colorlog (from rapidocr<4.0.0,>=3.9.1->docling-slim[standard]==2.128.0->docling==2.128.0->dslm3==3.0.0)
  Downloading colorlog-6.12.0-py3-none-any.whl.metadata (11 kB)
Collecting urllib3<3,>=1.26 (from requests<3.0.0,>=2.32.2->docling-slim==2.128.0->docling-slim[standard]==2.128.0->docling==2.128.0->dslm3==3.0.0)
  Downloading urllib3-2.8.0-py3-none-any.whl.metadata (7.4 kB)
Collecting markdown-it-py>=2.2.0 (from rich>=13.0.0->docling-slim[standard]==2.128.0->docling==2.128.0->dslm3==3.0.0)
  Downloading markdown_it_py-4.2.0-py3-none-any.whl.metadata (7.4 kB)
Requirement already satisfied: setuptools>=77.0.3 in ./.venv/lib/python3.12/site-packages (from torch<3.0.0,>=2.2.2->docling-slim[standard]==2.128.0->docling==2.128.0->dslm3==3.0.0) (78.1.0)
Requirement already satisfied: sympy>=1.13.3 in ./.venv/lib/python3.12/site-packages (from torch<3.0.0,>=2.2.2->docling-slim[standard]==2.128.0->docling==2.128.0->dslm3==3.0.0) (1.14.0)
Requirement already satisfied: networkx>=2.5.1 in ./.venv/lib/python3.12/site-packages (from torch<3.0.0,>=2.2.2->docling-slim[standard]==2.128.0->docling==2.128.0->dslm3==3.0.0) (3.6.1)
Requirement already satisfied: jinja2 in ./.venv/lib/python3.12/site-packages (from torch<3.0.0,>=2.2.2->docling-slim[standard]==2.128.0->docling==2.128.0->dslm3==3.0.0) (3.1.6)
Collecting shellingham>=1.3.0 (from typer<0.27.0,>=0.19.0->docling-slim[standard]==2.128.0->docling==2.128.0->dslm3==3.0.0)
  Downloading shellingham-1.5.4-py2.py3-none-any.whl.metadata (3.5 kB)
Collecting attrs>=22.2.0 (from jsonschema<5.0.0,>=4.16.0->docling-core<3.0.0,>=2.96.0->docling-slim==2.128.0->docling-slim[standard]==2.128.0->docling==2.128.0->dslm3==3.0.0)
  Downloading attrs-26.1.0-py3-none-any.whl.metadata (8.8 kB)
Collecting jsonschema-specifications>=2023.03.6 (from jsonschema<5.0.0,>=4.16.0->docling-core<3.0.0,>=2.96.0->docling-slim==2.128.0->docling-slim[standard]==2.128.0->docling==2.128.0->dslm3==3.0.0)
  Downloading jsonschema_specifications-2025.9.1-py3-none-any.whl.metadata (2.9 kB)
Collecting referencing>=0.28.4 (from jsonschema<5.0.0,>=4.16.0->docling-core<3.0.0,>=2.96.0->docling-slim==2.128.0->docling-slim[standard]==2.128.0->docling==2.128.0->dslm3==3.0.0)
  Downloading referencing-0.37.0-py3-none-any.whl.metadata (2.8 kB)
Collecting rpds-py>=0.25.0 (from jsonschema<5.0.0,>=4.16.0->docling-core<3.0.0,>=2.96.0->docling-slim==2.128.0->docling-slim[standard]==2.128.0->docling==2.128.0->dslm3==3.0.0)
  Downloading rpds_py-2026.6.3-cp312-cp312-manylinux_2_17_x86_64.manylinux2014_x86_64.whl.metadata (4.1 kB)
Collecting mdurl~=0.1 (from markdown-it-py>=2.2.0->rich>=13.0.0->docling-slim[standard]==2.128.0->docling==2.128.0->dslm3==3.0.0)
  Downloading mdurl-0.1.2-py3-none-any.whl.metadata (1.6 kB)
Collecting antlr4-python3-runtime==4.9.* (from omegaconf!=2.2.1->rapidocr<4.0.0,>=3.9.1->docling-slim[standard]==2.128.0->docling==2.128.0->dslm3==3.0.0)
  Downloading antlr4-python3-runtime-4.9.3.tar.gz (117 kB)
  Installing build dependencies: started
  Installing build dependencies: finished with status 'done'
  Getting requirements to build wheel: started
  Getting requirements to build wheel: finished with status 'done'
  Preparing metadata (pyproject.toml): started
  Preparing metadata (pyproject.toml): finished with status 'done'
Collecting python-dateutil>=2.8.2 (from pandas<4.0.0,>=2.1.4->docling-core<3.0.0,>=2.96.0->docling-slim==2.128.0->docling-slim[standard]==2.128.0->docling==2.128.0->dslm3==3.0.0)
  Downloading python_dateutil-2.9.0.post0-py2.py3-none-any.whl.metadata (8.4 kB)
Collecting mpire[dill] (from semchunk<4.0.0,>=2.2.0->docling-core[chunking]<3.0.0,>=2.96.0; extra == "standard"->docling-slim[standard]==2.128.0->docling==2.128.0->dslm3==3.0.0)
  Downloading mpire-2.10.2-py3-none-any.whl.metadata (14 kB)
Requirement already satisfied: mpmath<1.4,>=1.1.0 in ./.venv/lib/python3.12/site-packages (from sympy>=1.13.3->torch<3.0.0,>=2.2.2->docling-slim[standard]==2.128.0->docling==2.128.0->dslm3==3.0.0) (1.3.0)
Collecting regex>=2025.10.22 (from transformers<6.0.0,>=4.42.0->docling-core[chunking]<3.0.0,>=2.96.0; extra == "standard"->docling-slim[standard]==2.128.0->docling==2.128.0->dslm3==3.0.0)
  Downloading regex-2026.9.10-cp312-cp312-manylinux2014_x86_64.manylinux_2_17_x86_64.manylinux_2_28_x86_64.whl.metadata (40 kB)
Collecting tokenizers<0.24.0,>=0.23.1 (from transformers<6.0.0,>=4.42.0->docling-core[chunking]<3.0.0,>=2.96.0; extra == "standard"->docling-slim[standard]==2.128.0->docling==2.128.0->dslm3==3.0.0)
  Downloading tokenizers-0.23.2-cp310-abi3-manylinux_2_17_x86_64.manylinux2014_x86_64.whl.metadata (9.8 kB)
Requirement already satisfied: MarkupSafe>=2.0 in ./.venv/lib/python3.12/site-packages (from jinja2->torch<3.0.0,>=2.2.2->docling-slim[standard]==2.128.0->docling==2.128.0->dslm3==3.0.0) (3.0.3)
Collecting multiprocess>=0.70.15 (from mpire[dill]->semchunk<4.0.0,>=2.2.0->docling-core[chunking]<3.0.0,>=2.96.0; extra == "standard"->docling-slim[standard]==2.128.0->docling==2.128.0->dslm3==3.0.0)
  Downloading multiprocess-0.70.19-py312-none-any.whl.metadata (7.5 kB)
Collecting dill>=0.4.1 (from multiprocess>=0.70.15->mpire[dill]->semchunk<4.0.0,>=2.2.0->docling-core[chunking]<3.0.0,>=2.96.0; extra == "standard"->docling-slim[standard]==2.128.0->docling==2.128.0->dslm3==3.0.0)
  Downloading dill-0.4.1-py3-none-any.whl.metadata (10 kB)
Downloading docling-2.128.0-py3-none-any.whl (5.2 kB)
Downloading fastapi-0.141.1-py3-none-any.whl (131 kB)
Downloading numpy-2.2.6-cp312-cp312-manylinux_2_17_x86_64.manylinux2014_x86_64.whl (16.5 MB)
   ━━━━━━━━━━━━━━━━━━━━━━━━━━━━━━━━━━━━━━━━ 16.5/16.5 MB 45.2 MB/s eta 0:00:00
Downloading opencv_python-4.12.0.88-cp37-abi3-manylinux2014_x86_64.manylinux_2_17_x86_64.whl (67.0 MB)
   ━━━━━━━━━━━━━━━━━━━━━━━━━━━━━━━━━━━━━━━━ 67.0/67.0 MB 40.8 MB/s eta 0:00:00
Downloading sqlglot-30.18.0-py3-none-any.whl (748 kB)
   ━━━━━━━━━━━━━━━━━━━━━━━━━━━━━━━━━━━━━━━━ 748.8/748.8 kB 51.0 MB/s eta 0:00:00
Downloading docling_slim-2.128.0-py3-none-any.whl (856 kB)
   ━━━━━━━━━━━━━━━━━━━━━━━━━━━━━━━━━━━━━━━━ 856.5/856.5 kB 11.9 MB/s eta 0:00:00
Downloading playwright-1.56.0-py3-none-manylinux1_x86_64.whl (46.3 MB)
   ━━━━━━━━━━━━━━━━━━━━━━━━━━━━━━━━━━━━━━━━ 46.3/46.3 MB 63.6 MB/s eta 0:00:00
Downloading xlwt-1.3.0-py2.py3-none-any.whl (99 kB)
Downloading beautifulsoup4-4.15.0-py3-none-any.whl (109 kB)
Downloading build-1.6.1-py3-none-any.whl (31 kB)
Downloading charset_normalizer-3.5.1-cp312-cp312-manylinux2014_x86_64.manylinux_2_17_x86_64.manylinux_2_28_x86_64.whl (248 kB)
Downloading defusedxml-0.7.1-py2.py3-none-any.whl (25 kB)
Downloading httpx-0.28.1-py3-none-any.whl (73 kB)
Downloading httpcore-1.0.9-py3-none-any.whl (78 kB)
Downloading socksio-1.0.0-py3-none-any.whl (12 kB)
Downloading jsbeautifier-2.0.3-py3-none-any.whl (93 kB)
Downloading lxml-6.1.3-cp312-cp312-manylinux_2_26_x86_64.manylinux_2_28_x86_64.whl (5.2 MB)
   ━━━━━━━━━━━━━━━━━━━━━━━━━━━━━━━━━━━━━━━━ 5.2/5.2 MB 45.5 MB/s eta 0:00:00
Downloading openpyxl-3.1.5-py2.py3-none-any.whl (250 kB)
Downloading psutil-7.2.2-cp36-abi3-manylinux2010_x86_64.manylinux_2_12_x86_64.manylinux_2_28_x86_64.whl (155 kB)
Downloading pytest-9.1.1-py3-none-any.whl (386 kB)
Downloading python_multipart-0.0.32-py3-none-any.whl (30 kB)
Downloading python_pptx-1.0.2-py3-none-any.whl (472 kB)
Downloading pyxlsb-1.0.10-py2.py3-none-any.whl (23 kB)
Downloading pyyaml-6.0.3-cp312-cp312-manylinux2014_x86_64.manylinux_2_17_x86_64.manylinux_2_28_x86_64.whl (807 kB)
   ━━━━━━━━━━━━━━━━━━━━━━━━━━━━━━━━━━━━━━━━ 807.9/807.9 kB 10.7 MB/s eta 0:00:00
Downloading ruff-0.16.8-py3-none-manylinux_2_17_x86_64.manylinux2014_x86_64.whl (10.3 MB)
   ━━━━━━━━━━━━━━━━━━━━━━━━━━━━━━━━━━━━━━━━ 10.3/10.3 MB 47.0 MB/s eta 0:00:00
Downloading sqlparse-0.6.0-py3-none-any.whl (50 kB)
Downloading tzdata-2026.4-py2.py3-none-any.whl (347 kB)
Downloading uvicorn-0.53.0-py3-none-any.whl (87 kB)
Downloading xlrd-2.0.2-py2.py3-none-any.whl (96 kB)
Downloading annotated_doc-0.0.5-py3-none-any.whl (5.3 kB)
Downloading certifi-2026.7.22-py3-none-any.whl (136 kB)
Downloading click-8.5.0-py3-none-any.whl (125 kB)
Downloading editorconfig-0.17.1-py3-none-any.whl (16 kB)
Downloading greenlet-3.5.6-cp312-cp312-manylinux_2_24_x86_64.manylinux_2_28_x86_64.whl (621 kB)
   ━━━━━━━━━━━━━━━━━━━━━━━━━━━━━━━━━━━━━━━━ 621.4/621.4 kB 7.3 MB/s eta 0:00:00
Downloading h11-0.16.0-py3-none-any.whl (37 kB)
Downloading iniconfig-2.3.0-py3-none-any.whl (7.5 kB)
Downloading packaging-26.3-py3-none-any.whl (129 kB)
Downloading pluggy-1.6.0-py3-none-any.whl (20 kB)
Downloading pydantic-2.13.5-py3-none-any.whl (472 kB)
Downloading pydantic_core-2.46.5-cp312-cp312-manylinux_2_17_x86_64.manylinux2014_x86_64.whl (2.1 MB)
   ━━━━━━━━━━━━━━━━━━━━━━━━━━━━━━━━━━━━━━━━ 2.1/2.1 MB 177.9 MB/s eta 0:00:00
Downloading pyee-13.0.1-py3-none-any.whl (15 kB)
Downloading pygments-2.21.0-py3-none-any.whl (1.3 MB)
   ━━━━━━━━━━━━━━━━━━━━━━━━━━━━━━━━━━━━━━━━ 1.3/1.3 MB 18.0 MB/s eta 0:00:00
Downloading soupsieve-2.9.2-py3-none-any.whl (37 kB)
Downloading starlette-1.6.0-py3-none-any.whl (75 kB)
Downloading anyio-4.15.1-py3-none-any.whl (132 kB)
Downloading idna-3.19-py3-none-any.whl (68 kB)
Downloading typing_inspection-0.4.4-py3-none-any.whl (14 kB)
Downloading xlsxwriter-3.2.9-py3-none-any.whl (175 kB)
Downloading et_xmlfile-2.0.0-py3-none-any.whl (18 kB)
Downloading pyproject_hooks-1.3.3-py3-none-any.whl (10 kB)
Downloading accelerate-1.15.0-py3-none-any.whl (394 kB)
Downloading annotated_types-0.8.0-py3-none-any.whl (13 kB)
Downloading docling_core-2.97.0-py3-none-any.whl (303 kB)
Downloading docling_ibm_models-4.0.2-py3-none-any.whl (69 kB)
Downloading docling_parse-7.20.0-cp312-cp312-manylinux_2_27_x86_64.manylinux_2_28_x86_64.whl (10.8 MB)
   ━━━━━━━━━━━━━━━━━━━━━━━━━━━━━━━━━━━━━━━━ 10.8/10.8 MB 45.6 MB/s eta 0:00:00
Downloading filetype-1.2.0-py2.py3-none-any.whl (19 kB)
Downloading huggingface_hub-1.31.0-py3-none-any.whl (798 kB)
   ━━━━━━━━━━━━━━━━━━━━━━━━━━━━━━━━━━━━━━━━ 798.3/798.3 kB 10.3 MB/s eta 0:00:00
Downloading langcodes-3.5.1-py3-none-any.whl (183 kB)
Downloading mail_parser-4.6.5-py3-none-any.whl (50 kB)
Downloading marko-2.2.4-py3-none-any.whl (46 kB)
Downloading polyfactory-3.3.0-py3-none-any.whl (62 kB)
Downloading pydantic_settings-2.15.0-py3-none-any.whl (69 kB)
Downloading pylatexenc-2.11-py2.py3-none-any.whl (137 kB)
Downloading pypdfium2-5.13.0-py3-none-manylinux_2_17_x86_64.manylinux2014_x86_64.whl (3.7 MB)
   ━━━━━━━━━━━━━━━━━━━━━━━━━━━━━━━━━━━━━━━━ 3.7/3.7 MB 61.7 MB/s eta 0:00:00
Downloading python_docx-1.2.0-py3-none-any.whl (252 kB)
Downloading python_dotenv-1.2.3-py3-none-any.whl (22 kB)
Downloading python_oxmsg-0.0.2-py3-none-any.whl (31 kB)
Downloading rapidocr-3.9.2-py3-none-any.whl (27.3 MB)
   ━━━━━━━━━━━━━━━━━━━━━━━━━━━━━━━━━━━━━━━━ 27.3/27.3 MB 57.9 MB/s eta 0:00:00
Downloading requests-2.34.2-py3-none-any.whl (73 kB)
Downloading rich-15.0.0-py3-none-any.whl (310 kB)
Downloading rtree-1.4.1-py3-none-manylinux_2_24_x86_64.manylinux_2_28_x86_64.whl (507 kB)
Downloading scipy-1.18.1-cp312-cp312-manylinux_2_27_x86_64.manylinux_2_28_x86_64.whl (35.3 MB)
   ━━━━━━━━━━━━━━━━━━━━━━━━━━━━━━━━━━━━━━━━ 35.3/35.3 MB 50.7 MB/s eta 0:00:00
Downloading tqdm-4.70.1-py3-none-any.whl (80 kB)
Downloading typer-0.26.8-py3-none-any.whl (122 kB)
Downloading websockets-16.1.1-cp312-cp312-manylinux1_x86_64.manylinux_2_28_x86_64.manylinux_2_5_x86_64.whl (187 kB)
Downloading doclang-0.7.3-py3-none-any.whl (32 kB)
Downloading faker-40.39.0-py3-none-any.whl (2.1 MB)
   ━━━━━━━━━━━━━━━━━━━━━━━━━━━━━━━━━━━━━━━━ 2.1/2.1 MB 26.9 MB/s eta 0:00:00
Downloading hf_xet-1.6.0-cp38-abi3-manylinux2014_x86_64.manylinux_2_17_x86_64.whl (4.5 MB)
   ━━━━━━━━━━━━━━━━━━━━━━━━━━━━━━━━━━━━━━━━ 4.5/4.5 MB 40.9 MB/s eta 0:00:00
Downloading jsonref-1.1.0-py3-none-any.whl (9.4 kB)
Downloading jsonschema-4.26.0-py3-none-any.whl (90 kB)
Downloading latex2mathml-3.81.1-py3-none-any.whl (79 kB)
Downloading markdown_it_py-4.2.0-py3-none-any.whl (91 kB)
Downloading omegaconf-2.3.1-py3-none-any.whl (79 kB)
Downloading pandas-3.0.5-cp312-cp312-manylinux_2_24_x86_64.manylinux_2_28_x86_64.whl (11.0 MB)
   ━━━━━━━━━━━━━━━━━━━━━━━━━━━━━━━━━━━━━━━━ 11.0/11.0 MB 52.9 MB/s eta 0:00:00
Downloading pyclipper-1.4.0-cp312-cp312-manylinux2014_x86_64.manylinux_2_17_x86_64.whl (978 kB)
   ━━━━━━━━━━━━━━━━━━━━━━━━━━━━━━━━━━━━━━━━ 978.2/978.2 kB 14.1 MB/s eta 0:00:00
Downloading safetensors-0.8.0-cp310-abi3-manylinux_2_17_x86_64.manylinux2014_x86_64.whl (516 kB)
Downloading semchunk-3.2.5-py3-none-any.whl (13 kB)
Downloading shapely-2.1.2-cp312-cp312-manylinux2014_x86_64.manylinux_2_17_x86_64.whl (3.1 MB)
   ━━━━━━━━━━━━━━━━━━━━━━━━━━━━━━━━━━━━━━━━ 3.1/3.1 MB 24.0 MB/s eta 0:00:00
Downloading shellingham-1.5.4-py2.py3-none-any.whl (9.8 kB)
Downloading six-1.17.0-py2.py3-none-any.whl (11 kB)
Downloading tabulate-0.10.0-py3-none-any.whl (39 kB)
Downloading transformers-5.17.0-py3-none-any.whl (12.3 MB)
   ━━━━━━━━━━━━━━━━━━━━━━━━━━━━━━━━━━━━━━━━ 12.3/12.3 MB 45.3 MB/s eta 0:00:00
Downloading tree_sitter-0.26.0-cp312-cp312-manylinux2014_x86_64.manylinux_2_17_x86_64.manylinux_2_28_x86_64.whl (667 kB)
   ━━━━━━━━━━━━━━━━━━━━━━━━━━━━━━━━━━━━━━━━ 667.5/667.5 kB 7.3 MB/s eta 0:00:00
Downloading tree_sitter_c-0.24.2-cp310-abi3-manylinux1_x86_64.manylinux_2_28_x86_64.manylinux_2_5_x86_64.whl (94 kB)
Downloading tree_sitter_javascript-0.25.0-cp310-abi3-manylinux1_x86_64.manylinux_2_28_x86_64.manylinux_2_5_x86_64.whl (99 kB)
Downloading tree_sitter_python-0.25.0-cp310-abi3-manylinux1_x86_64.manylinux_2_28_x86_64.manylinux_2_5_x86_64.whl (108 kB)
Downloading tree_sitter_typescript-0.23.2-cp39-abi3-manylinux_2_5_x86_64.manylinux1_x86_64.manylinux_2_17_x86_64.manylinux2014_x86_64.whl (344 kB)
Downloading urllib3-2.8.0-py3-none-any.whl (135 kB)
Downloading colorlog-6.12.0-py3-none-any.whl (12 kB)
Downloading olefile-0.47-py2.py3-none-any.whl (114 kB)
Downloading attrs-26.1.0-py3-none-any.whl (67 kB)
Downloading jsonschema_specifications-2025.9.1-py3-none-any.whl (18 kB)
Downloading mdurl-0.1.2-py3-none-any.whl (10.0 kB)
Downloading python_dateutil-2.9.0.post0-py2.py3-none-any.whl (229 kB)
Downloading referencing-0.37.0-py3-none-any.whl (26 kB)
Downloading regex-2026.9.10-cp312-cp312-manylinux2014_x86_64.manylinux_2_17_x86_64.manylinux_2_28_x86_64.whl (804 kB)
   ━━━━━━━━━━━━━━━━━━━━━━━━━━━━━━━━━━━━━━━━ 804.6/804.6 kB 6.5 MB/s eta 0:00:00
Downloading rpds_py-2026.6.3-cp312-cp312-manylinux_2_17_x86_64.manylinux2014_x86_64.whl (366 kB)
Downloading tokenizers-0.23.2-cp310-abi3-manylinux_2_17_x86_64.manylinux2014_x86_64.whl (3.4 MB)
   ━━━━━━━━━━━━━━━━━━━━━━━━━━━━━━━━━━━━━━━━ 3.4/3.4 MB 65.0 MB/s eta 0:00:00
Downloading multiprocess-0.70.19-py312-none-any.whl (150 kB)
Downloading mpire-2.10.2-py3-none-any.whl (272 kB)
Downloading dill-0.4.1-py3-none-any.whl (120 kB)
Building wheels for collected packages: dslm3, odfpy, antlr4-python3-runtime
  Building editable for dslm3 (pyproject.toml): started
  Building editable for dslm3 (pyproject.toml): finished with status 'done'
  Created wheel for dslm3: filename=dslm3-3.0.0-0.editable-py3-none-any.whl size=1816 sha256=cd91bbd9ec68a854f22465ccfc963c850b3e2d17ea8a8df5b5116e3a10a5a021
  Stored in directory: /tmp/pip-ephem-wheel-cache-cy38kcaw/wheels/39/cd/ee/c30b1ccc6c7abfe959aedfe115e900db14eeae92677af3e929
  Building wheel for odfpy (pyproject.toml): started
  Building wheel for odfpy (pyproject.toml): finished with status 'done'
  Created wheel for odfpy: filename=odfpy-1.4.1-py2.py3-none-any.whl size=160717 sha256=9fbe875362fba50f753d921daba7bd822db867f2eeb007c91d061a1c7a60a907
  Stored in directory: /root/.cache/pip/wheels/36/5d/63/8243a7ee78fff0f944d638fd0e66d7278888f5e2285d7346b6
  Building wheel for antlr4-python3-runtime (pyproject.toml): started
  Building wheel for antlr4-python3-runtime (pyproject.toml): finished with status 'done'
  Created wheel for antlr4-python3-runtime: filename=antlr4_python3_runtime-4.9.3-py3-none-any.whl size=144590 sha256=b4baddfee30706bb47cc80bc266bb23c6b613a09168601f51d4daa7c357a6e4b
  Stored in directory: /root/.cache/pip/wheels/1f/be/48/13754633f1d08d1fbfc60d5e80ae1e5d7329500477685286cd
Successfully built dslm3 odfpy antlr4-python3-runtime
Installing collected packages: xlwt, pyxlsb, pylatexenc, filetype, antlr4-python3-runtime, XlsxWriter, xlrd, websockets, urllib3, tzdata, typing-inspection, tree-sitter-typescript, tree-sitter-python, tree-sitter-javascript, tree-sitter-c, tree-sitter, tqdm, tabulate, sqlparse, sqlglot, soupsieve, socksio, six, shellingham, safetensors, ruff, rtree, rpds-py, regex, PyYAML, python-multipart, python-dotenv, pyproject_hooks, pypdfium2, pygments, pyee, pydantic-core, pyclipper, psutil, pluggy, packaging, olefile, numpy, mdurl, marko, mail-parser, lxml, latex2mathml, langcodes, jsonref, iniconfig, idna, hf-xet, h11, greenlet, faker, et-xmlfile, editorconfig, dill, defusedxml, colorlog, click, charset-normalizer, certifi, attrs, annotated-types, annotated-doc, uvicorn, Shapely, scipy, requests, referencing, python-pptx, python-oxmsg, python-docx, python-dateutil, pytest, pydantic, polyfactory, playwright, openpyxl, opencv-python, omegaconf, odfpy, multiprocess, mpire, markdown-it-py, jsbeautifier, httpcore, build, beautifulsoup4, anyio, starlette, rich, rapidocr, pydantic-settings, pandas, jsonschema-specifications, httpx, typer, semchunk, jsonschema, huggingface-hub, fastapi, tokenizers, doclang, accelerate, transformers, docling-core, docling-slim, docling-parse, docling-ibm-models, docling, dslm3
  Attempting uninstall: numpy
    Found existing installation: numpy 2.5.2
    Uninstalling numpy-2.5.2:
      Successfully uninstalled numpy-2.5.2
WARNING: Ignoring invalid distribution ~umpy (/workspace/scratch/f8392732e1af/.venv/lib/python3.12/site-packages)
Successfully installed PyYAML-6.0.3 Shapely-2.1.2 XlsxWriter-3.2.9 accelerate-1.15.0 annotated-doc-0.0.5 annotated-types-0.8.0 antlr4-python3-runtime-4.9.3 anyio-4.15.1 attrs-26.1.0 beautifulsoup4-4.15.0 build-1.6.1 certifi-2026.7.22 charset-normalizer-3.5.1 click-8.5.0 colorlog-6.12.0 defusedxml-0.7.1 dill-0.4.1 doclang-0.7.3 docling-2.128.0 docling-core-2.97.0 docling-ibm-models-4.0.2 docling-parse-7.20.0 docling-slim-2.128.0 dslm3-3.0.0 editorconfig-0.17.1 et-xmlfile-2.0.0 faker-40.39.0 fastapi-0.141.1 filetype-1.2.0 greenlet-3.5.6 h11-0.16.0 hf-xet-1.6.0 httpcore-1.0.9 httpx-0.28.1 huggingface-hub-1.31.0 idna-3.19 iniconfig-2.3.0 jsbeautifier-2.0.3 jsonref-1.1.0 jsonschema-4.26.0 jsonschema-specifications-2025.9.1 langcodes-3.5.1 latex2mathml-3.81.1 lxml-6.1.3 mail-parser-4.6.5 markdown-it-py-4.2.0 marko-2.2.4 mdurl-0.1.2 mpire-2.10.2 multiprocess-0.70.19 numpy-2.5.2 odfpy-1.4.1 olefile-0.47 omegaconf-2.3.1 opencv-python-4.12.0.88 openpyxl-3.1.5 packaging-26.3 pandas-3.0.5 playwright-1.56.0 pluggy-1.6.0 polyfactory-3.3.0 psutil-7.2.2 pyclipper-1.4.0 pydantic-2.13.5 pydantic-core-2.46.5 pydantic-settings-2.15.0 pyee-13.0.1 pygments-2.21.0 pylatexenc-2.11 pypdfium2-5.13.0 pyproject_hooks-1.3.3 pytest-9.1.1 python-dateutil-2.9.0.post0 python-docx-1.2.0 python-dotenv-1.2.3 python-multipart-0.0.32 python-oxmsg-0.0.2 python-pptx-1.0.2 pyxlsb-1.0.10 rapidocr-3.9.2 referencing-0.37.0 regex-2026.9.10 requests-2.34.2 rich-15.0.0 rpds-py-2026.6.3 rtree-1.4.1 ruff-0.16.8 safetensors-0.8.0 scipy-1.18.1 semchunk-3.2.5 shellingham-1.5.4 six-1.17.0 socksio-1.0.0 soupsieve-2.9.2 sqlglot-30.18.0 sqlparse-0.6.0 starlette-1.6.0 tabulate-0.10.0 tokenizers-0.23.2 tqdm-4.70.1 transformers-5.17.0 tree-sitter-0.26.0 tree-sitter-c-0.24.2 tree-sitter-javascript-0.25.0 tree-sitter-python-0.25.0 tree-sitter-typescript-0.23.2 typer-0.26.8 typing-inspection-0.4.4 tzdata-2026.4 urllib3-2.8.0 uvicorn-0.53.0 websockets-16.1.1 xlrd-2.0.2 xlwt-1.3.0
