Downloading Chromium Headless Shell 141.0.7390.37 (playwright build v1194)[2m from https://cdn.playwright.dev/dbazure/download/playwright/builds/chromium/1194/chromium-headless-shell-linux.zip[22m
Error: Request to https://cdn.playwright.dev/dbazure/download/playwright/builds/chromium/1194/chromium-headless-shell-linux.zip timed out after 30000ms
    at ClientRequest.<anonymous> (/workspace/scratch/f8392732e1af/.venv/lib/python3.12/site-packages/playwright/driver/package/lib/server/utils/network.js:90:15)
    at Object.onceWrapper (node:events:633:28)
    at ClientRequest.emit (node:events:519:28)
    at TLSSocket.emitRequestTimeout (node:_http_client:863:9)
    at Object.onceWrapper (node:events:633:28)
    at TLSSocket.emit (node:events:519:28)
    at Socket._onTimeout (node:net:604:8)
    at listOnTimeout (node:internal/timers:588:17)
    at process.processTimers (node:internal/timers:523:7)
Downloading Chromium Headless Shell 141.0.7390.37 (playwright build v1194)[2m from https://playwright.download.prss.microsoft.com/dbazure/download/playwright/builds/chromium/1194/chromium-headless-shell-linux.zip[22m
|                                                                                |   0% of 104.3 MiB
|■■■■■■■■                                                                        |  10% of 104.3 MiB
|■■■■■■■■■■■■■■■■                                                                |  20% of 104.3 MiB
|■■■■■■■■■■■■■■■■■■■■■■■■                                                        |  30% of 104.3 MiB
|■■■■■■■■■■■■■■■■■■■■■■■■■■■■■■■■                                                |  40% of 104.3 MiB
|■■■■■■■■■■■■■■■■■■■■■■■■■■■■■■■■■■■■■■■■                                        |  50% of 104.3 MiB
|■■■■■■■■■■■■■■■■■■■■■■■■■■■■■■■■■■■■■■■■■■■■■■■■                                |  60% of 104.3 MiB
|■■■■■■■■■■■■■■■■■■■■■■■■■■■■■■■■■■■■■■■■■■■■■■■■■■■■■■■■                        |  70% of 104.3 MiB
|■■■■■■■■■■■■■■■■■■■■■■■■■■■■■■■■■■■■■■■■■■■■■■■■■■■■■■■■■■■■■■■■                |  80% of 104.3 MiB
|■■■■■■■■■■■■■■■■■■■■■■■■■■■■■■■■■■■■■■■■■■■■■■■■■■■■■■■■■■■■■■■■■■■■■■■■        |  90% of 104.3 MiB
|■■■■■■■■■■■■■■■■■■■■■■■■■■■■■■■■■■■■■■■■■■■■■■■■■■■■■■■■■■■■■■■■■■■■■■■■■■■■■■■■| 100% of 104.3 MiB
Chromium Headless Shell 141.0.7390.37 (playwright build v1194) downloaded to /root/.cache/ms-playwright/chromium_headless_shell-1194
Downloading FFMPEG playwright build v1011[2m from https://cdn.playwright.dev/dbazure/download/playwright/builds/ffmpeg/1011/ffmpeg-linux.zip[22m
Error: Download failed: server returned code 502 body '<html>
<head>
    <title>502 Bad Gateway</title>
</head>
<body>
    <h1>502 Bad Gateway</h1>
    <p>[Errno 111] Connection refused</p>
</body>
</html>'. URL: https://cdn.playwright.dev/dbazure/download/playwright/builds/ffmpeg/1011/ffmpeg-linux.zip
    at IncomingMessage.handleError (/workspace/scratch/f8392732e1af/.venv/lib/python3.12/site-packages/playwright/driver/package/lib/server/registry/oopDownloadBrowserMain.js:56:23)
    at IncomingMessage.emit (node:events:531:35)
    at endReadableNT (node:internal/streams/readable:1698:12)
    at process.processTicksAndRejections (node:internal/process/task_queues:90:21)
Downloading FFMPEG playwright build v1011[2m from https://playwright.download.prss.microsoft.com/dbazure/download/playwright/builds/ffmpeg/1011/ffmpeg-linux.zip[22m
|                                                                                |   0% of 2.3 MiB
|■■■■■■■■                                                                        |  10% of 2.3 MiB
|■■■■■■■■■■■■■■■■                                                                |  20% of 2.3 MiB
|■■■■■■■■■■■■■■■■■■■■■■■■                                                        |  30% of 2.3 MiB
|■■■■■■■■■■■■■■■■■■■■■■■■■■■■■■■■                                                |  40% of 2.3 MiB
|■■■■■■■■■■■■■■■■■■■■■■■■■■■■■■■■■■■■■■■■                                        |  50% of 2.3 MiB
|■■■■■■■■■■■■■■■■■■■■■■■■■■■■■■■■■■■■■■■■■■■■■■■■                                |  60% of 2.3 MiB
|■■■■■■■■■■■■■■■■■■■■■■■■■■■■■■■■■■■■■■■■■■■■■■■■■■■■■■■■                        |  70% of 2.3 MiB
|■■■■■■■■■■■■■■■■■■■■■■■■■■■■■■■■■■■■■■■■■■■■■■■■■■■■■■■■■■■■■■■■                |  80% of 2.3 MiB
|■■■■■■■■■■■■■■■■■■■■■■■■■■■■■■■■■■■■■■■■■■■■■■■■■■■■■■■■■■■■■■■■■■■■■■■■        |  90% of 2.3 MiB
|■■■■■■■■■■■■■■■■■■■■■■■■■■■■■■■■■■■■■■■■■■■■■■■■■■■■■■■■■■■■■■■■■■■■■■■■■■■■■■■■| 100% of 2.3 MiB
FFMPEG playwright build v1011 downloaded to /root/.cache/ms-playwright/ffmpeg-1011
