Downloading Chrome for Testing 153.0.8010.12 (playwright chromium v1243)[2m from https://cdn.playwright.dev/builds/cft/153.0.8010.12/linux64/chrome-linux64.zip[22m
Error: Request to https://cdn.playwright.dev/builds/cft/153.0.8010.12/linux64/chrome-linux64.zip timed out after 30000ms
    at ClientRequest.<anonymous> (/workspace/scratch/f8392732e1af/.venv/lib/python3.12/site-packages/playwright/driver/package/lib/coreBundle.js:8793:15)
    at ClientRequest.wrapper (node:events:639:12)
    at ClientRequest.emit (node:events:514:28)
    at TLSSocket.emitRequestTimeout (node:_http_client:1122:9)
    at TLSSocket.wrapper (node:events:639:12)
    at TLSSocket.emit (node:events:526:24)
    at Socket._onTimeout (node:net:824:8)
    at Timeout.onStreamTimeout (node:internal/stream_base_commons:237:10)
    at listOnTimeout (node:internal/timers:687:11)
    at process.processTimers (node:internal/timers:618:7)
Downloading Chrome for Testing 153.0.8010.12 (playwright chromium v1243)[2m from https://cdn.playwright.dev/builds/cft/153.0.8010.12/linux64/chrome-linux64.zip[22m
Error: Request to https://cdn.playwright.dev/builds/cft/153.0.8010.12/linux64/chrome-linux64.zip timed out after 30000ms
    at ClientRequest.<anonymous> (/workspace/scratch/f8392732e1af/.venv/lib/python3.12/site-packages/playwright/driver/package/lib/coreBundle.js:8793:15)
    at ClientRequest.wrapper (node:events:639:12)
    at ClientRequest.emit (node:events:514:28)
    at TLSSocket.emitRequestTimeout (node:_http_client:1122:9)
    at TLSSocket.wrapper (node:events:639:12)
    at TLSSocket.emit (node:events:526:24)
    at Socket._onTimeout (node:net:824:8)
    at Timeout.onStreamTimeout (node:internal/stream_base_commons:237:10)
    at listOnTimeout (node:internal/timers:687:11)
    at process.processTimers (node:internal/timers:618:7)
Downloading Chrome for Testing 153.0.8010.12 (playwright chromium v1243)[2m from https://cdn.playwright.dev/builds/cft/153.0.8010.12/linux64/chrome-linux64.zip[22m
Error: Download failed: server returned code 502 body '<html>
<head>
    <title>502 Bad Gateway</title>
</head>
<body>
    <h1>502 Bad Gateway</h1>
    <p>[Errno 111] Connection refused</p>
</body>
</html>'. URL: https://cdn.playwright.dev/builds/cft/153.0.8010.12/linux64/chrome-linux64.zip
    at IncomingMessage.handleError (/workspace/scratch/f8392732e1af/.venv/lib/python3.12/site-packages/playwright/driver/package/lib/coreBundle.js:32551:23)
    at IncomingMessage.emit (node:events:526:24)
    at endReadableNT (node:internal/streams/readable:1764:12)
    at process.processTicksAndRejections (node:internal/process/task_queues:90:21)
Downloading Chrome for Testing 153.0.8010.12 (playwright chromium v1243)[2m from https://cdn.playwright.dev/builds/cft/153.0.8010.12/linux64/chrome-linux64.zip[22m
Error: Request to https://cdn.playwright.dev/builds/cft/153.0.8010.12/linux64/chrome-linux64.zip timed out after 30000ms
    at ClientRequest.<anonymous> (/workspace/scratch/f8392732e1af/.venv/lib/python3.12/site-packages/playwright/driver/package/lib/coreBundle.js:8793:15)
    at ClientRequest.wrapper (node:events:639:12)
    at ClientRequest.emit (node:events:514:28)
    at TLSSocket.emitRequestTimeout (node:_http_client:1122:9)
    at TLSSocket.wrapper (node:events:639:12)
    at TLSSocket.emit (node:events:526:24)
    at Socket._onTimeout (node:net:824:8)
    at Timeout.onStreamTimeout (node:internal/stream_base_commons:237:10)
    at listOnTimeout (node:internal/timers:687:11)
    at process.processTimers (node:internal/timers:618:7)
Downloading Chrome for Testing 153.0.8010.12 (playwright chromium v1243)[2m from https://cdn.playwright.dev/builds/cft/153.0.8010.12/linux64/chrome-linux64.zip[22m
Error: Request to https://cdn.playwright.dev/builds/cft/153.0.8010.12/linux64/chrome-linux64.zip timed out after 30000ms
    at ClientRequest.<anonymous> (/workspace/scratch/f8392732e1af/.venv/lib/python3.12/site-packages/playwright/driver/package/lib/coreBundle.js:8793:15)
    at ClientRequest.wrapper (node:events:639:12)
    at ClientRequest.emit (node:events:514:28)
    at TLSSocket.emitRequestTimeout (node:_http_client:1122:9)
    at TLSSocket.wrapper (node:events:639:12)
    at TLSSocket.emit (node:events:526:24)
    at Socket._onTimeout (node:net:824:8)
    at Timeout.onStreamTimeout (node:internal/stream_base_commons:237:10)
    at listOnTimeout (node:internal/timers:687:11)
    at process.processTimers (node:internal/timers:618:7)
Failed to install browsers
Error: Failed to download Chrome for Testing 153.0.8010.12 (playwright chromium v1243), caused by
Error: Download failure, code=1
    at ChildProcess.<anonymous> (/workspace/scratch/f8392732e1af/.venv/lib/python3.12/site-packages/playwright/driver/package/lib/coreBundle.js:32428:32)
    at ChildProcess.emit (node:events:514:28)
    at ChildProcess._handle.onexit (node:internal/child_process:295:12)
