Collecting playwright==1.56.0
  Downloading playwright-1.56.0-py3-none-manylinux1_x86_64.whl.metadata (3.5 kB)
Requirement already satisfied: pyee<14,>=13 in ./.venv/lib/python3.12/site-packages (from playwright==1.56.0) (13.0.1)
Requirement already satisfied: greenlet<4.0.0,>=3.1.1 in ./.venv/lib/python3.12/site-packages (from playwright==1.56.0) (3.5.6)
Requirement already satisfied: typing-extensions in ./.venv/lib/python3.12/site-packages (from pyee<14,>=13->playwright==1.56.0) (4.16.0)
Downloading playwright-1.56.0-py3-none-manylinux1_x86_64.whl (46.3 MB)
   ━━━━━━━━━━━━━━━━━━━━━━━━━━━━━━━━━━━━━━━━ 46.3/46.3 MB 96.3 MB/s  0:00:00
Installing collected packages: playwright
  Attempting uninstall: playwright
    Found existing installation: playwright 1.63.0
    Uninstalling playwright-1.63.0:
      Successfully uninstalled playwright-1.63.0
Successfully installed playwright-1.56.0
Downloading Chromium Headless Shell 141.0.7390.37 (playwright build v1194)[2m from https://cdn.playwright.dev/dbazure/download/playwright/builds/chromium/1194/chromium-headless-shell-linux.zip[22m
Error: Request to https://cdn.playwright.dev/dbazure/download/playwright/builds/chromium/1194/chromium-headless-shell-linux.zip timed out after 30000ms
    at ClientRequest.<anonymous> (/workspace/scratch/f8392732e1af/.venv/lib/python3.12/site-packages/playwright/driver/package/lib/server/utils/network.js:90:15)
    at Object.onceWrapper (node:events:633:28)
    at ClientRequest.emit (node:events:519:28)
    at TLSSocket.emitRequestTimeout (node:_http_client:863:9)
    at Object.onceWrapper (node:events:633:28)
    at TLSSocket.emit (node:events:519:28)
    at Socket._onTimeout (node:net:604:8)
    at listOnTimeout (node:internal/timers:588:17)
    at process.processTimers (node:internal/timers:523:7)
Downloading Chromium Headless Shell 141.0.7390.37 (playwright build v1194)[2m from https://playwright.download.prss.microsoft.com/dbazure/download/playwright/builds/chromium/1194/chromium-headless-shell-linux.zip[22m
|                                                                                |   0% of 104.3 MiB
|■■■■■■■■                                                                        |  10% of 104.3 MiB
|■■■■■■■■■■■■■■■■                                                                |  20% of 104.3 MiB
|■■■■■■■■■■■■■■■■■■■■■■■■                                                        |  30% of 104.3 MiB
|■■■■■■■■■■■■■■■■■■■■■■■■■■■■■■■■                                                |  40% of 104.3 MiB
|■■■■■■■■■■■■■■■■■■■■■■■■■■■■■■■■■■■■■■■■                                        |  50% of 104.3 MiB
|■■■■■■■■■■■■■■■■■■■■■■■■■■■■■■■■■■■■■■■■■■■■■■■■                                |  60% of 104.3 MiB
|■■■■■■■■■■■■■■■■■■■■■■■■■■■■■■■■■■■■■■■■■■■■■■■■■■■■■■■■                        |  70% of 104.3 MiB
|■■■■■■■■■■■■■■■■■■■■■■■■■■■■■■■■■■■■■■■■■■■■■■■■■■■■■■■■■■■■■■■■                |  80% of 104.3 MiB
|■■■■■■■■■■■■■■■■■■■■■■■■■■■■■■■■■■■■■■■■■■■■■■■■■■■■■■■■■■■■■■■■■■■■■■■■        |  90% of 104.3 MiB
|■■■■■■■■■■■■■■■■■■■■■■■■■■■■■■■■■■■■■■■■■■■■■■■■■■■■■■■■■■■■■■■■■■■■■■■■■■■■■■■■| 100% of 104.3 MiB
Chromium Headless Shell 141.0.7390.37 (playwright build v1194) downloaded to /root/.cache/ms-playwright/chromium_headless_shell-1194
Downloading FFMPEG playwright build v1011[2m from https://cdn.playwright.dev/dbazure/download/playwright/builds/ffmpeg/1011/ffmpeg-linux.zip[22m
Error: Request to https://cdn.playwright.dev/dbazure/download/playwright/builds/ffmpeg/1011/ffmpeg-linux.zip timed out after 30000ms
    at ClientRequest.<anonymous> (/workspace/scratch/f8392732e1af/.venv/lib/python3.12/site-packages/playwright/driver/package/lib/server/utils/network.js:90:15)
    at Object.onceWrapper (node:events:633:28)
    at ClientRequest.emit (node:events:519:28)
    at TLSSocket.emitRequestTimeout (node:_http_client:863:9)
    at Object.onceWrapper (node:events:633:28)
    at TLSSocket.emit (node:events:519:28)
    at Socket._onTimeout (node:net:604:8)
    at listOnTimeout (node:internal/timers:588:17)
    at process.processTimers (node:internal/timers:523:7)
Downloading FFMPEG playwright build v1011[2m from https://playwright.download.prss.microsoft.com/dbazure/download/playwright/builds/ffmpeg/1011/ffmpeg-linux.zip[22m
|                                                                                |   0% of 2.3 MiB
|■■■■■■■■                                                                        |  10% of 2.3 MiB
|■■■■■■■■■■■■■■■■                                                                |  20% of 2.3 MiB
|■■■■■■■■■■■■■■■■■■■■■■■■                                                        |  30% of 2.3 MiB
|■■■■■■■■■■■■■■■■■■■■■■■■■■■■■■■■                                                |  40% of 2.3 MiB
|■■■■■■■■■■■■■■■■■■■■■■■■■■■■■■■■■■■■■■■■                                        |  50% of 2.3 MiB
|■■■■■■■■■■■■■■■■■■■■■■■■■■■■■■■■■■■■■■■■■■■■■■■■                                |  60% of 2.3 MiB
|■■■■■■■■■■■■■■■■■■■■■■■■■■■■■■■■■■■■■■■■■■■■■■■■■■■■■■■■                        |  70% of 2.3 MiB
|■■■■■■■■■■■■■■■■■■■■■■■■■■■■■■■■■■■■■■■■■■■■■■■■■■■■■■■■■■■■■■■■                |  80% of 2.3 MiB
|■■■■■■■■■■■■■■■■■■■■■■■■■■■■■■■■■■■■■■■■■■■■■■■■■■■■■■■■■■■■■■■■■■■■■■■■        |  90% of 2.3 MiB
|■■■■■■■■■■■■■■■■■■■■■■■■■■■■■■■■■■■■■■■■■■■■■■■■■■■■■■■■■■■■■■■■■■■■■■■■■■■■■■■■| 100% of 2.3 MiB
FFMPEG playwright build v1011 downloaded to /root/.cache/ms-playwright/ffmpeg-1011
