Requirement already satisfied: pip in ./.venv/lib/python3.12/site-packages (25.0.1)
Collecting pip
  Downloading pip-26.2.1-py3-none-any.whl.metadata (4.6 kB)
Downloading pip-26.2.1-py3-none-any.whl (1.8 MB)
   ━━━━━━━━━━━━━━━━━━━━━━━━━━━━━━━━━━━━━━━━ 1.8/1.8 MB 21.0 MB/s eta 0:00:00
Installing collected packages: pip
  Attempting uninstall: pip
    Found existing installation: pip 25.0.1
    Uninstalling pip-25.0.1:
      Successfully uninstalled pip-25.0.1
Successfully installed pip-26.2.1
Collecting docling==2.128.0
  Downloading docling-2.128.0-py3-none-any.whl.metadata (11 kB)
Collecting fastapi
  Downloading fastapi-0.141.1-py3-none-any.whl.metadata (27 kB)
Collecting uvicorn
  Downloading uvicorn-0.53.0-py3-none-any.whl.metadata (6.6 kB)
Collecting python-multipart
  Downloading python_multipart-0.0.32-py3-none-any.whl.metadata (2.1 kB)
Collecting sqlglot
  Downloading sqlglot-30.18.0-py3-none-any.whl.metadata (25 kB)
Collecting sqlparse
  Downloading sqlparse-0.6.0-py3-none-any.whl.metadata (6.0 kB)
Collecting openpyxl
  Downloading openpyxl-3.1.5-py2.py3-none-any.whl.metadata (2.5 kB)
Collecting xlrd
  Downloading xlrd-2.0.2-py2.py3-none-any.whl.metadata (3.5 kB)
Collecting pyxlsb
  Downloading pyxlsb-1.0.10-py2.py3-none-any.whl.metadata (2.5 kB)
Collecting odfpy
  Downloading odfpy-1.4.1.tar.gz (717 kB)
     ━━━━━━━━━━━━━━━━━━━━━━━━━━━━━━━━━━━━━━━━ 717.0/717.0 kB 79.3 MB/s  0:00:00
  Installing build dependencies: started
  Installing build dependencies: finished with status 'done'
  Getting requirements to build wheel: started
  Getting requirements to build wheel: finished with status 'done'
  Preparing metadata (pyproject.toml): started
  Preparing metadata (pyproject.toml): finished with status 'done'
Collecting pyyaml
  Downloading pyyaml-6.0.3-cp312-cp312-manylinux2014_x86_64.manylinux_2_17_x86_64.manylinux_2_28_x86_64.whl.metadata (2.4 kB)
Collecting charset-normalizer
  Downloading charset_normalizer-3.5.1-cp312-cp312-manylinux2014_x86_64.manylinux_2_17_x86_64.manylinux_2_28_x86_64.whl.metadata (45 kB)
Collecting defusedxml
  Downloading defusedxml-0.7.1-py2.py3-none-any.whl.metadata (32 kB)
Collecting httpx
  Downloading httpx-0.28.1-py3-none-any.whl.metadata (7.1 kB)
Collecting pytest
  Downloading pytest-9.1.1-py3-none-any.whl.metadata (7.6 kB)
Collecting playwright
  Downloading playwright-1.63.0-py3-none-manylinux1_x86_64.whl.metadata (3.3 kB)
Collecting build
  Downloading build-1.6.1-py3-none-any.whl.metadata (5.6 kB)
Collecting docling-slim==2.128.0 (from docling-slim[standard]==2.128.0->docling==2.128.0)
  Downloading docling_slim-2.128.0-py3-none-any.whl.metadata (20 kB)
Collecting certifi>=2024.7.4 (from docling-slim==2.128.0->docling-slim[standard]==2.128.0->docling==2.128.0)
  Downloading certifi-2026.7.22-py3-none-any.whl.metadata (2.5 kB)
Collecting docling-core<3.0.0,>=2.96.0 (from docling-slim==2.128.0->docling-slim[standard]==2.128.0->docling==2.128.0)
  Downloading docling_core-2.97.0-py3-none-any.whl.metadata (8.4 kB)
Collecting filetype<2.0.0,>=1.2.0 (from docling-slim==2.128.0->docling-slim[standard]==2.128.0->docling==2.128.0)
  Downloading filetype-1.2.0-py2.py3-none-any.whl.metadata (6.5 kB)
Collecting langcodes<4.0.0,>=3.5.0 (from docling-slim==2.128.0->docling-slim[standard]==2.128.0->docling==2.128.0)
  Downloading langcodes-3.5.1-py3-none-any.whl.metadata (30 kB)
Collecting pluggy<2.0.0,>=1.0.0 (from docling-slim==2.128.0->docling-slim[standard]==2.128.0->docling==2.128.0)
  Downloading pluggy-1.6.0-py3-none-any.whl.metadata (4.8 kB)
Collecting pydantic-settings<3.0.0,>=2.3.0 (from docling-slim==2.128.0->docling-slim[standard]==2.128.0->docling==2.128.0)
  Downloading pydantic_settings-2.15.0-py3-none-any.whl.metadata (3.9 kB)
Collecting pydantic<3.0.0,>=2.0.0 (from docling-slim==2.128.0->docling-slim[standard]==2.128.0->docling==2.128.0)
  Downloading pydantic-2.13.5-py3-none-any.whl.metadata (110 kB)
Collecting requests<3.0.0,>=2.32.2 (from docling-slim==2.128.0->docling-slim[standard]==2.128.0->docling==2.128.0)
  Downloading requests-2.34.2-py3-none-any.whl.metadata (4.8 kB)
Collecting tqdm<5.0.0,>=4.65.0 (from docling-slim==2.128.0->docling-slim[standard]==2.128.0->docling==2.128.0)
  Downloading tqdm-4.70.1-py3-none-any.whl.metadata (57 kB)
Collecting accelerate<2,>=1.0.0 (from docling-slim[standard]==2.128.0->docling==2.128.0)
  Downloading accelerate-1.15.0-py3-none-any.whl.metadata (19 kB)
Collecting beautifulsoup4<5.0.0,>=4.12.3 (from docling-slim[standard]==2.128.0->docling==2.128.0)
  Downloading beautifulsoup4-4.15.0-py3-none-any.whl.metadata (3.8 kB)
Collecting docling-ibm-models<5,>=4.0.2 (from docling-slim[standard]==2.128.0->docling==2.128.0)
  Downloading docling_ibm_models-4.0.2-py3-none-any.whl.metadata (6.3 kB)
Collecting docling-parse<8.0.0,>=7.20.0 (from docling-slim[standard]==2.128.0->docling==2.128.0)
  Downloading docling_parse-7.20.0-cp312-cp312-manylinux_2_27_x86_64.manylinux_2_28_x86_64.whl.metadata (15 kB)
Collecting huggingface-hub<2,>=0.23 (from docling-slim[standard]==2.128.0->docling==2.128.0)
  Downloading huggingface_hub-1.31.0-py3-none-any.whl.metadata (16 kB)
Collecting mail-parser<5.0.0,>=4.1.4 (from docling-slim[standard]==2.128.0->docling==2.128.0)
  Downloading mail_parser-4.6.5-py3-none-any.whl.metadata (25 kB)
Collecting marko<3.0.0,>=2.1.2 (from docling-slim[standard]==2.128.0->docling==2.128.0)
  Downloading marko-2.2.4-py3-none-any.whl.metadata (4.5 kB)
Collecting numpy<3.0.0,>=1.24.0 (from docling-slim[standard]==2.128.0->docling==2.128.0)
  Downloading numpy-2.5.3-cp312-cp312-manylinux_2_27_x86_64.manylinux_2_28_x86_64.whl.metadata (6.6 kB)
Collecting pillow<13.0.0,>=10.0.0 (from docling-slim[standard]==2.128.0->docling==2.128.0)
  Downloading pillow-12.3.0-cp312-cp312-manylinux_2_27_x86_64.manylinux_2_28_x86_64.whl.metadata (9.1 kB)
Collecting polyfactory>=2.22.2 (from docling-slim[standard]==2.128.0->docling==2.128.0)
  Downloading polyfactory-3.3.0-py3-none-any.whl.metadata (27 kB)
Collecting pylatexenc<3.0,>=2.10 (from docling-slim[standard]==2.128.0->docling==2.128.0)
  Downloading pylatexenc-2.11-py2.py3-none-any.whl.metadata (3.9 kB)
Collecting pypdfium2!=4.30.1,<6.0.0,>=4.30.0 (from docling-slim[standard]==2.128.0->docling==2.128.0)
  Downloading pypdfium2-5.13.0-py3-none-manylinux_2_17_x86_64.manylinux2014_x86_64.whl.metadata (66 kB)
Collecting python-docx<2.0.0,>=1.2.0 (from docling-slim[standard]==2.128.0->docling==2.128.0)
  Downloading python_docx-1.2.0-py3-none-any.whl.metadata (2.0 kB)
Collecting python-dotenv~=1.0 (from docling-slim[standard]==2.128.0->docling==2.128.0)
  Downloading python_dotenv-1.2.3-py3-none-any.whl.metadata (29 kB)
Collecting python-oxmsg<0.1.0,>=0.0.2 (from docling-slim[standard]==2.128.0->docling==2.128.0)
  Downloading python_oxmsg-0.0.2-py3-none-any.whl.metadata (5.0 kB)
Collecting python-pptx<2.0.0,>=1.0.2 (from docling-slim[standard]==2.128.0->docling==2.128.0)
  Downloading python_pptx-1.0.2-py3-none-any.whl.metadata (2.5 kB)
Collecting rapidocr<4.0.0,>=3.9.1 (from docling-slim[standard]==2.128.0->docling==2.128.0)
  Downloading rapidocr-3.9.2-py3-none-any.whl.metadata (1.1 kB)
Collecting rich>=13.0.0 (from docling-slim[standard]==2.128.0->docling==2.128.0)
  Downloading rich-15.0.0-py3-none-any.whl.metadata (18 kB)
Collecting rtree<2.0.0,>=1.3.0 (from docling-slim[standard]==2.128.0->docling==2.128.0)
  Downloading rtree-1.4.1-py3-none-manylinux_2_24_x86_64.manylinux_2_28_x86_64.whl.metadata (2.1 kB)
Collecting scipy<2.0.0,>=1.6.0 (from docling-slim[standard]==2.128.0->docling==2.128.0)
  Downloading scipy-1.18.1-cp312-cp312-manylinux_2_27_x86_64.manylinux_2_28_x86_64.whl.metadata (62 kB)
Collecting torch<3.0.0,>=2.2.2 (from docling-slim[standard]==2.128.0->docling==2.128.0)
  Downloading torch-2.14.0-cp312-cp312-manylinux_2_28_x86_64.whl.metadata (37 kB)
Collecting torchvision<1,>=0 (from docling-slim[standard]==2.128.0->docling==2.128.0)
  Downloading torchvision-0.29.0-cp312-cp312-manylinux_2_28_x86_64.whl.metadata (5.7 kB)
Collecting typer<0.27.0,>=0.19.0 (from docling-slim[standard]==2.128.0->docling==2.128.0)
  Downloading typer-0.26.8-py3-none-any.whl.metadata (15 kB)
Collecting websockets<17.0,>=14.0 (from docling-slim[standard]==2.128.0->docling==2.128.0)
  Downloading websockets-16.1.1-cp312-cp312-manylinux1_x86_64.manylinux_2_28_x86_64.manylinux_2_5_x86_64.whl.metadata (6.8 kB)
Collecting et-xmlfile (from openpyxl)
  Downloading et_xmlfile-2.0.0-py3-none-any.whl.metadata (2.7 kB)
Collecting anyio (from httpx)
  Downloading anyio-4.15.1-py3-none-any.whl.metadata (4.7 kB)
Collecting httpcore==1.* (from httpx)
  Downloading httpcore-1.0.9-py3-none-any.whl.metadata (21 kB)
Collecting idna (from httpx)
  Downloading idna-3.19-py3-none-any.whl.metadata (9.2 kB)
Collecting packaging>=20.0 (from accelerate<2,>=1.0.0->docling-slim[standard]==2.128.0->docling==2.128.0)
  Downloading packaging-26.3-py3-none-any.whl.metadata (3.5 kB)
Collecting psutil (from accelerate<2,>=1.0.0->docling-slim[standard]==2.128.0->docling==2.128.0)
  Downloading psutil-7.2.2-cp36-abi3-manylinux2010_x86_64.manylinux_2_12_x86_64.manylinux_2_28_x86_64.whl.metadata (22 kB)
Collecting safetensors>=0.4.3 (from accelerate<2,>=1.0.0->docling-slim[standard]==2.128.0->docling==2.128.0)
  Downloading safetensors-0.8.0-cp310-abi3-manylinux_2_17_x86_64.manylinux2014_x86_64.whl.metadata (4.2 kB)
Collecting soupsieve>=1.6.1 (from beautifulsoup4<5.0.0,>=4.12.3->docling-slim[standard]==2.128.0->docling==2.128.0)
  Downloading soupsieve-2.9.2-py3-none-any.whl.metadata (4.6 kB)
Collecting typing-extensions>=4.0.0 (from beautifulsoup4<5.0.0,>=4.12.3->docling-slim[standard]==2.128.0->docling==2.128.0)
  Downloading typing_extensions-4.16.0-py3-none-any.whl.metadata (3.3 kB)
Collecting jsonschema<5.0.0,>=4.16.0 (from docling-core<3.0.0,>=2.96.0->docling-slim==2.128.0->docling-slim[standard]==2.128.0->docling==2.128.0)
  Downloading jsonschema-4.26.0-py3-none-any.whl.metadata (7.6 kB)
Collecting jsonref<2.0.0,>=1.1.0 (from docling-core<3.0.0,>=2.96.0->docling-slim==2.128.0->docling-slim[standard]==2.128.0->docling==2.128.0)
  Downloading jsonref-1.1.0-py3-none-any.whl.metadata (2.7 kB)
Collecting tabulate<0.11.0,>=0.9.0 (from docling-core<3.0.0,>=2.96.0->docling-slim==2.128.0->docling-slim[standard]==2.128.0->docling==2.128.0)
  Downloading tabulate-0.10.0-py3-none-any.whl.metadata (40 kB)
Collecting pandas<4.0.0,>=2.1.4 (from docling-core<3.0.0,>=2.96.0->docling-slim==2.128.0->docling-slim[standard]==2.128.0->docling==2.128.0)
  Downloading pandas-3.0.5-cp312-cp312-manylinux_2_24_x86_64.manylinux_2_28_x86_64.whl.metadata (79 kB)
Collecting latex2mathml<4.0.0,>=3.77.0 (from docling-core<3.0.0,>=2.96.0->docling-slim==2.128.0->docling-slim[standard]==2.128.0->docling==2.128.0)
  Downloading latex2mathml-3.81.1-py3-none-any.whl.metadata (15 kB)
Collecting doclang<0.8,>=0.7 (from docling-core<3.0.0,>=2.96.0->docling-slim==2.128.0->docling-slim[standard]==2.128.0->docling==2.128.0)
  Downloading doclang-0.7.3-py3-none-any.whl.metadata (4.6 kB)
Collecting lxml>=4.8.0 (from doclang<0.8,>=0.7->docling-core<3.0.0,>=2.96.0->docling-slim==2.128.0->docling-slim[standard]==2.128.0->docling==2.128.0)
  Downloading lxml-6.1.3-cp312-cp312-manylinux_2_26_x86_64.manylinux_2_28_x86_64.whl.metadata (3.3 kB)
Collecting semchunk<4.0.0,>=2.2.0 (from docling-core[chunking]<3.0.0,>=2.96.0; extra == "standard"->docling-slim[standard]==2.128.0->docling==2.128.0)
  Downloading semchunk-3.2.5-py3-none-any.whl.metadata (14 kB)
Collecting tree-sitter<0.27.0,>=0.25.0 (from docling-core[chunking]<3.0.0,>=2.96.0; extra == "standard"->docling-slim[standard]==2.128.0->docling==2.128.0)
  Downloading tree_sitter-0.26.0-cp312-cp312-manylinux2014_x86_64.manylinux_2_17_x86_64.manylinux_2_28_x86_64.whl.metadata (10 kB)
Collecting tree-sitter-python>=0.23.6 (from docling-core[chunking]<3.0.0,>=2.96.0; extra == "standard"->docling-slim[standard]==2.128.0->docling==2.128.0)
  Downloading tree_sitter_python-0.25.0-cp310-abi3-manylinux1_x86_64.manylinux_2_28_x86_64.manylinux_2_5_x86_64.whl.metadata (1.9 kB)
Collecting tree-sitter-c>=0.23.4 (from docling-core[chunking]<3.0.0,>=2.96.0; extra == "standard"->docling-slim[standard]==2.128.0->docling==2.128.0)
  Downloading tree_sitter_c-0.24.2-cp310-abi3-manylinux1_x86_64.manylinux_2_28_x86_64.manylinux_2_5_x86_64.whl.metadata (1.8 kB)
Collecting tree-sitter-javascript>=0.23.1 (from docling-core[chunking]<3.0.0,>=2.96.0; extra == "standard"->docling-slim[standard]==2.128.0->docling==2.128.0)
  Downloading tree_sitter_javascript-0.25.0-cp310-abi3-manylinux1_x86_64.manylinux_2_28_x86_64.manylinux_2_5_x86_64.whl.metadata (2.2 kB)
Collecting tree-sitter-typescript>=0.23.2 (from docling-core[chunking]<3.0.0,>=2.96.0; extra == "standard"->docling-slim[standard]==2.128.0->docling==2.128.0)
  Downloading tree_sitter_typescript-0.23.2-cp39-abi3-manylinux_2_5_x86_64.manylinux1_x86_64.manylinux_2_17_x86_64.manylinux2014_x86_64.whl.metadata (2.3 kB)
Collecting transformers<6.0.0,>=4.42.0 (from docling-core[chunking]<3.0.0,>=2.96.0; extra == "standard"->docling-slim[standard]==2.128.0->docling==2.128.0)
  Downloading transformers-5.17.0-py3-none-any.whl.metadata (32 kB)
Collecting h11>=0.16 (from httpcore==1.*->httpx)
  Downloading h11-0.16.0-py3-none-any.whl.metadata (8.3 kB)
Collecting click<9.0.0,>=8.4.2 (from huggingface-hub<2,>=0.23->docling-slim[standard]==2.128.0->docling==2.128.0)
  Downloading click-8.5.0-py3-none-any.whl.metadata (2.6 kB)
Collecting filelock>=3.10.0 (from huggingface-hub<2,>=0.23->docling-slim[standard]==2.128.0->docling==2.128.0)
  Downloading filelock-4.0.0-py3-none-any.whl.metadata (2.0 kB)
Collecting fsspec>=2023.5.0 (from huggingface-hub<2,>=0.23->docling-slim[standard]==2.128.0->docling==2.128.0)
  Downloading fsspec-2026.7.0-py3-none-any.whl.metadata (10 kB)
Collecting hf-xet<2.0.0,>=1.5.2 (from huggingface-hub<2,>=0.23->docling-slim[standard]==2.128.0->docling==2.128.0)
  Downloading hf_xet-1.6.0-cp38-abi3-manylinux2014_x86_64.manylinux_2_17_x86_64.whl.metadata (4.9 kB)
Collecting attrs>=22.2.0 (from jsonschema<5.0.0,>=4.16.0->docling-core<3.0.0,>=2.96.0->docling-slim==2.128.0->docling-slim[standard]==2.128.0->docling==2.128.0)
  Downloading attrs-26.1.0-py3-none-any.whl.metadata (8.8 kB)
Collecting jsonschema-specifications>=2023.03.6 (from jsonschema<5.0.0,>=4.16.0->docling-core<3.0.0,>=2.96.0->docling-slim==2.128.0->docling-slim[standard]==2.128.0->docling==2.128.0)
  Downloading jsonschema_specifications-2025.9.1-py3-none-any.whl.metadata (2.9 kB)
Collecting referencing>=0.28.4 (from jsonschema<5.0.0,>=4.16.0->docling-core<3.0.0,>=2.96.0->docling-slim==2.128.0->docling-slim[standard]==2.128.0->docling==2.128.0)
  Downloading referencing-0.37.0-py3-none-any.whl.metadata (2.8 kB)
Collecting rpds-py>=0.25.0 (from jsonschema<5.0.0,>=4.16.0->docling-core<3.0.0,>=2.96.0->docling-slim==2.128.0->docling-slim[standard]==2.128.0->docling==2.128.0)
  Downloading rpds_py-2026.6.3-cp312-cp312-manylinux_2_17_x86_64.manylinux2014_x86_64.whl.metadata (4.1 kB)
Collecting python-dateutil>=2.8.2 (from pandas<4.0.0,>=2.1.4->docling-core<3.0.0,>=2.96.0->docling-slim==2.128.0->docling-slim[standard]==2.128.0->docling==2.128.0)
  Downloading python_dateutil-2.9.0.post0-py2.py3-none-any.whl.metadata (8.4 kB)
Collecting annotated-types>=0.6.0 (from pydantic<3.0.0,>=2.0.0->docling-slim==2.128.0->docling-slim[standard]==2.128.0->docling==2.128.0)
  Downloading annotated_types-0.8.0-py3-none-any.whl.metadata (15 kB)
Collecting pydantic-core==2.46.5 (from pydantic<3.0.0,>=2.0.0->docling-slim==2.128.0->docling-slim[standard]==2.128.0->docling==2.128.0)
  Downloading pydantic_core-2.46.5-cp312-cp312-manylinux_2_17_x86_64.manylinux2014_x86_64.whl.metadata (6.6 kB)
Collecting typing-inspection>=0.4.2 (from pydantic<3.0.0,>=2.0.0->docling-slim==2.128.0->docling-slim[standard]==2.128.0->docling==2.128.0)
  Downloading typing_inspection-0.4.4-py3-none-any.whl.metadata (2.6 kB)
Collecting olefile (from python-oxmsg<0.1.0,>=0.0.2->docling-slim[standard]==2.128.0->docling==2.128.0)
  Downloading olefile-0.47-py2.py3-none-any.whl.metadata (9.7 kB)
Collecting XlsxWriter>=0.5.7 (from python-pptx<2.0.0,>=1.0.2->docling-slim[standard]==2.128.0->docling==2.128.0)
  Downloading xlsxwriter-3.2.9-py3-none-any.whl.metadata (2.7 kB)
Collecting pyclipper>=1.2.0 (from rapidocr<4.0.0,>=3.9.1->docling-slim[standard]==2.128.0->docling==2.128.0)
  Downloading pyclipper-1.4.0-cp312-cp312-manylinux2014_x86_64.manylinux_2_17_x86_64.whl.metadata (8.6 kB)
Collecting opencv_python>=4.5.1.48 (from rapidocr<4.0.0,>=3.9.1->docling-slim[standard]==2.128.0->docling==2.128.0)
  Downloading opencv_python-5.0.0.93-cp37-abi3-manylinux_2_28_x86_64.whl.metadata (19 kB)
Collecting six>=1.15.0 (from rapidocr<4.0.0,>=3.9.1->docling-slim[standard]==2.128.0->docling==2.128.0)
  Downloading six-1.17.0-py2.py3-none-any.whl.metadata (1.7 kB)
Collecting Shapely!=2.0.4,>=1.7.1 (from rapidocr<4.0.0,>=3.9.1->docling-slim[standard]==2.128.0->docling==2.128.0)
  Downloading shapely-2.1.2-cp312-cp312-manylinux2014_x86_64.manylinux_2_17_x86_64.whl.metadata (6.8 kB)
Collecting omegaconf!=2.2.1 (from rapidocr<4.0.0,>=3.9.1->docling-slim[standard]==2.128.0->docling==2.128.0)
  Downloading omegaconf-2.3.1-py3-none-any.whl.metadata (4.5 kB)
Collecting colorlog (from rapidocr<4.0.0,>=3.9.1->docling-slim[standard]==2.128.0->docling==2.128.0)
  Downloading colorlog-6.12.0-py3-none-any.whl.metadata (11 kB)
Collecting urllib3<3,>=1.26 (from requests<3.0.0,>=2.32.2->docling-slim==2.128.0->docling-slim[standard]==2.128.0->docling==2.128.0)
  Downloading urllib3-2.8.0-py3-none-any.whl.metadata (7.4 kB)
Collecting mpire[dill] (from semchunk<4.0.0,>=2.2.0->docling-core[chunking]<3.0.0,>=2.96.0; extra == "standard"->docling-slim[standard]==2.128.0->docling==2.128.0)
  Downloading mpire-2.10.2-py3-none-any.whl.metadata (14 kB)
Collecting setuptools>=77.0.3 (from torch<3.0.0,>=2.2.2->docling-slim[standard]==2.128.0->docling==2.128.0)
  Using cached setuptools-84.0.0-py3-none-any.whl.metadata (6.6 kB)
Collecting sympy>=1.13.3 (from torch<3.0.0,>=2.2.2->docling-slim[standard]==2.128.0->docling==2.128.0)
  Downloading sympy-1.14.0-py3-none-any.whl.metadata (12 kB)
Collecting networkx>=2.5.1 (from torch<3.0.0,>=2.2.2->docling-slim[standard]==2.128.0->docling==2.128.0)
  Downloading networkx-3.6.1-py3-none-any.whl.metadata (6.8 kB)
Collecting jinja2 (from torch<3.0.0,>=2.2.2->docling-slim[standard]==2.128.0->docling==2.128.0)
  Downloading jinja2-3.1.6-py3-none-any.whl.metadata (2.9 kB)
Collecting cuda-toolkit==13.0.3 (from cuda-toolkit[cublas,cudart,cufft,cufile,cupti,curand,cusolver,cusparse,nvjitlink,nvrtc,nvtx]==13.0.3; platform_system == "Linux"->torch<3.0.0,>=2.2.2->docling-slim[standard]==2.128.0->docling==2.128.0)
  Downloading cuda_toolkit-13.0.3.0-py2.py3-none-any.whl.metadata (17 kB)
Collecting cuda-bindings<14,>=13.0.3 (from torch<3.0.0,>=2.2.2->docling-slim[standard]==2.128.0->docling==2.128.0)
  Downloading cuda_bindings-13.4.1-cp312-cp312-manylinux_2_24_x86_64.manylinux_2_28_x86_64.whl.metadata (2.4 kB)
Collecting nvidia-cudnn-cu13==9.24.0.43 (from torch<3.0.0,>=2.2.2->docling-slim[standard]==2.128.0->docling==2.128.0)
  Downloading nvidia_cudnn_cu13-9.24.0.43-py3-none-manylinux_2_27_x86_64.whl.metadata (1.9 kB)
Collecting nvidia-cusparselt-cu13==0.8.1 (from torch<3.0.0,>=2.2.2->docling-slim[standard]==2.128.0->docling==2.128.0)
  Downloading nvidia_cusparselt_cu13-0.8.1-py3-none-manylinux2014_x86_64.whl.metadata (12 kB)
Collecting nvidia-nccl-cu13==2.30.7 (from torch<3.0.0,>=2.2.2->docling-slim[standard]==2.128.0->docling==2.128.0)
  Downloading nvidia_nccl_cu13-2.30.7-py3-none-manylinux_2_18_x86_64.whl.metadata (2.1 kB)
Collecting nvidia-nvshmem-cu13==3.4.5 (from torch<3.0.0,>=2.2.2->docling-slim[standard]==2.128.0->docling==2.128.0)
  Downloading nvidia_nvshmem_cu13-3.4.5-py3-none-manylinux2014_x86_64.manylinux_2_17_x86_64.whl.metadata (2.1 kB)
Collecting triton~=3.8.0 (from torch<3.0.0,>=2.2.2->docling-slim[standard]==2.128.0->docling==2.128.0)
  Downloading triton-3.8.0-cp312-cp312-manylinux_2_27_x86_64.manylinux_2_28_x86_64.whl.metadata (978 bytes)
Collecting nvidia-cublas==13.1.1.3.* (from cuda-toolkit[cublas,cudart,cufft,cufile,cupti,curand,cusolver,cusparse,nvjitlink,nvrtc,nvtx]==13.0.3; platform_system == "Linux"->torch<3.0.0,>=2.2.2->docling-slim[standard]==2.128.0->docling==2.128.0)
  Downloading nvidia_cublas-13.1.1.3-py3-none-manylinux_2_27_x86_64.whl.metadata (1.8 kB)
Collecting nvidia-cuda-nvrtc==13.0.88.* (from cuda-toolkit[cublas,cudart,cufft,cufile,cupti,curand,cusolver,cusparse,nvjitlink,nvrtc,nvtx]==13.0.3; platform_system == "Linux"->torch<3.0.0,>=2.2.2->docling-slim[standard]==2.128.0->docling==2.128.0)
  Downloading nvidia_cuda_nvrtc-13.0.88-py3-none-manylinux2010_x86_64.manylinux_2_12_x86_64.whl.metadata (1.7 kB)
Collecting nvidia-cuda-runtime==13.0.96.* (from cuda-toolkit[cublas,cudart,cufft,cufile,cupti,curand,cusolver,cusparse,nvjitlink,nvrtc,nvtx]==13.0.3; platform_system == "Linux"->torch<3.0.0,>=2.2.2->docling-slim[standard]==2.128.0->docling==2.128.0)
  Downloading nvidia_cuda_runtime-13.0.96-py3-none-manylinux2014_x86_64.manylinux_2_17_x86_64.whl.metadata (1.7 kB)
Collecting nvidia-cufft==12.0.0.61.* (from cuda-toolkit[cublas,cudart,cufft,cufile,cupti,curand,cusolver,cusparse,nvjitlink,nvrtc,nvtx]==13.0.3; platform_system == "Linux"->torch<3.0.0,>=2.2.2->docling-slim[standard]==2.128.0->docling==2.128.0)
  Downloading nvidia_cufft-12.0.0.61-py3-none-manylinux2014_x86_64.manylinux_2_17_x86_64.whl.metadata (1.8 kB)
Collecting nvidia-nvjitlink<14,>=13.0.88 (from cuda-toolkit[cublas,cudart,cufft,cufile,cupti,curand,cusolver,cusparse,nvjitlink,nvrtc,nvtx]==13.0.3; platform_system == "Linux"->torch<3.0.0,>=2.2.2->docling-slim[standard]==2.128.0->docling==2.128.0)
  Downloading nvidia_nvjitlink-13.4.92-py3-none-manylinux2010_x86_64.manylinux_2_12_x86_64.whl.metadata (1.8 kB)
Collecting nvidia-cufile==1.15.1.6.* (from cuda-toolkit[cublas,cudart,cufft,cufile,cupti,curand,cusolver,cusparse,nvjitlink,nvrtc,nvtx]==13.0.3; platform_system == "Linux"->torch<3.0.0,>=2.2.2->docling-slim[standard]==2.128.0->docling==2.128.0)
  Downloading nvidia_cufile-1.15.1.6-py3-none-manylinux2014_x86_64.manylinux_2_17_x86_64.whl.metadata (1.7 kB)
Collecting nvidia-cuda-cupti==13.0.85.* (from cuda-toolkit[cublas,cudart,cufft,cufile,cupti,curand,cusolver,cusparse,nvjitlink,nvrtc,nvtx]==13.0.3; platform_system == "Linux"->torch<3.0.0,>=2.2.2->docling-slim[standard]==2.128.0->docling==2.128.0)
  Downloading nvidia_cuda_cupti-13.0.85-py3-none-manylinux_2_25_x86_64.whl.metadata (1.7 kB)
Collecting nvidia-curand==10.4.0.35.* (from cuda-toolkit[cublas,cudart,cufft,cufile,cupti,curand,cusolver,cusparse,nvjitlink,nvrtc,nvtx]==13.0.3; platform_system == "Linux"->torch<3.0.0,>=2.2.2->docling-slim[standard]==2.128.0->docling==2.128.0)
  Downloading nvidia_curand-10.4.0.35-py3-none-manylinux_2_27_x86_64.whl.metadata (1.7 kB)
Collecting nvidia-cusolver==12.0.4.66.* (from cuda-toolkit[cublas,cudart,cufft,cufile,cupti,curand,cusolver,cusparse,nvjitlink,nvrtc,nvtx]==13.0.3; platform_system == "Linux"->torch<3.0.0,>=2.2.2->docling-slim[standard]==2.128.0->docling==2.128.0)
  Downloading nvidia_cusolver-12.0.4.66-py3-none-manylinux_2_27_x86_64.whl.metadata (1.8 kB)
Collecting nvidia-cusparse==12.6.3.3.* (from cuda-toolkit[cublas,cudart,cufft,cufile,cupti,curand,cusolver,cusparse,nvjitlink,nvrtc,nvtx]==13.0.3; platform_system == "Linux"->torch<3.0.0,>=2.2.2->docling-slim[standard]==2.128.0->docling==2.128.0)
  Downloading nvidia_cusparse-12.6.3.3-py3-none-manylinux2014_x86_64.manylinux_2_17_x86_64.whl.metadata (1.8 kB)
Collecting nvidia-nvtx==13.0.85.* (from cuda-toolkit[cublas,cudart,cufft,cufile,cupti,curand,cusolver,cusparse,nvjitlink,nvrtc,nvtx]==13.0.3; platform_system == "Linux"->torch<3.0.0,>=2.2.2->docling-slim[standard]==2.128.0->docling==2.128.0)
  Downloading nvidia_nvtx-13.0.85-py3-none-manylinux1_x86_64.manylinux_2_5_x86_64.whl.metadata (1.8 kB)
Collecting cuda-pathfinder>=1.4.2 (from cuda-bindings<14,>=13.0.3->torch<3.0.0,>=2.2.2->docling-slim[standard]==2.128.0->docling==2.128.0)
  Downloading cuda_pathfinder-1.8.1-py3-none-any.whl.metadata (1.9 kB)
Collecting regex>=2025.10.22 (from transformers<6.0.0,>=4.42.0->docling-core[chunking]<3.0.0,>=2.96.0; extra == "standard"->docling-slim[standard]==2.128.0->docling==2.128.0)
  Downloading regex-2026.9.10-cp312-cp312-manylinux2014_x86_64.manylinux_2_17_x86_64.manylinux_2_28_x86_64.whl.metadata (40 kB)
Collecting tokenizers<0.24.0,>=0.23.1 (from transformers<6.0.0,>=4.42.0->docling-core[chunking]<3.0.0,>=2.96.0; extra == "standard"->docling-slim[standard]==2.128.0->docling==2.128.0)
  Downloading tokenizers-0.23.2-cp310-abi3-manylinux_2_17_x86_64.manylinux2014_x86_64.whl.metadata (9.8 kB)
Collecting shellingham>=1.3.0 (from typer<0.27.0,>=0.19.0->docling-slim[standard]==2.128.0->docling==2.128.0)
  Downloading shellingham-1.5.4-py2.py3-none-any.whl.metadata (3.5 kB)
Collecting annotated-doc>=0.0.2 (from typer<0.27.0,>=0.19.0->docling-slim[standard]==2.128.0->docling==2.128.0)
  Downloading annotated_doc-0.0.5-py3-none-any.whl.metadata (6.5 kB)
Collecting starlette>=0.46.0 (from fastapi)
  Downloading starlette-1.6.0-py3-none-any.whl.metadata (6.4 kB)
Collecting iniconfig>=1.0.1 (from pytest)
  Downloading iniconfig-2.3.0-py3-none-any.whl.metadata (2.5 kB)
Collecting pygments>=2.7.2 (from pytest)
  Downloading pygments-2.21.0-py3-none-any.whl.metadata (2.5 kB)
Collecting pyee<14,>=13 (from playwright)
  Downloading pyee-13.0.1-py3-none-any.whl.metadata (3.0 kB)
Collecting greenlet<4.0.0,>=3.1.1 (from playwright)
  Downloading greenlet-3.5.6-cp312-cp312-manylinux_2_24_x86_64.manylinux_2_28_x86_64.whl.metadata (3.8 kB)
Collecting pyproject_hooks (from build)
  Downloading pyproject_hooks-1.3.3-py3-none-any.whl.metadata (1.3 kB)
Collecting antlr4-python3-runtime==4.9.* (from omegaconf!=2.2.1->rapidocr<4.0.0,>=3.9.1->docling-slim[standard]==2.128.0->docling==2.128.0)
  Downloading antlr4-python3-runtime-4.9.3.tar.gz (117 kB)
  Installing build dependencies: started
  Installing build dependencies: finished with status 'done'
  Getting requirements to build wheel: started
  Getting requirements to build wheel: finished with status 'done'
  Preparing metadata (pyproject.toml): started
  Preparing metadata (pyproject.toml): finished with status 'done'
Collecting faker>=5.0.0 (from polyfactory>=2.22.2->docling-slim[standard]==2.128.0->docling==2.128.0)
  Downloading faker-40.39.0-py3-none-any.whl.metadata (16 kB)
Collecting markdown-it-py>=2.2.0 (from rich>=13.0.0->docling-slim[standard]==2.128.0->docling==2.128.0)
  Downloading markdown_it_py-4.2.0-py3-none-any.whl.metadata (7.4 kB)
Collecting mdurl~=0.1 (from markdown-it-py>=2.2.0->rich>=13.0.0->docling-slim[standard]==2.128.0->docling==2.128.0)
  Downloading mdurl-0.1.2-py3-none-any.whl.metadata (1.6 kB)
Collecting mpmath<1.4,>=1.1.0 (from sympy>=1.13.3->torch<3.0.0,>=2.2.2->docling-slim[standard]==2.128.0->docling==2.128.0)
  Downloading mpmath-1.3.0-py3-none-any.whl.metadata (8.6 kB)
Collecting MarkupSafe>=2.0 (from jinja2->torch<3.0.0,>=2.2.2->docling-slim[standard]==2.128.0->docling==2.128.0)
  Downloading markupsafe-3.0.3-cp312-cp312-manylinux2014_x86_64.manylinux_2_17_x86_64.manylinux_2_28_x86_64.whl.metadata (2.7 kB)
Collecting multiprocess>=0.70.15 (from mpire[dill]->semchunk<4.0.0,>=2.2.0->docling-core[chunking]<3.0.0,>=2.96.0; extra == "standard"->docling-slim[standard]==2.128.0->docling==2.128.0)
  Downloading multiprocess-0.70.19-py312-none-any.whl.metadata (7.5 kB)
Collecting dill>=0.4.1 (from multiprocess>=0.70.15->mpire[dill]->semchunk<4.0.0,>=2.2.0->docling-core[chunking]<3.0.0,>=2.96.0; extra == "standard"->docling-slim[standard]==2.128.0->docling==2.128.0)
  Downloading dill-0.4.1-py3-none-any.whl.metadata (10 kB)
Downloading docling-2.128.0-py3-none-any.whl (5.2 kB)
Downloading docling_slim-2.128.0-py3-none-any.whl (856 kB)
   ━━━━━━━━━━━━━━━━━━━━━━━━━━━━━━━━━━━━━━━━ 856.5/856.5 kB 12.5 MB/s  0:00:00
Downloading openpyxl-3.1.5-py2.py3-none-any.whl (250 kB)
Downloading defusedxml-0.7.1-py2.py3-none-any.whl (25 kB)
Downloading httpx-0.28.1-py3-none-any.whl (73 kB)
Downloading accelerate-1.15.0-py3-none-any.whl (394 kB)
Downloading beautifulsoup4-4.15.0-py3-none-any.whl (109 kB)
Downloading docling_core-2.97.0-py3-none-any.whl (303 kB)
Downloading pyyaml-6.0.3-cp312-cp312-manylinux2014_x86_64.manylinux_2_17_x86_64.manylinux_2_28_x86_64.whl (807 kB)
   ━━━━━━━━━━━━━━━━━━━━━━━━━━━━━━━━━━━━━━━━ 807.9/807.9 kB 10.5 MB/s  0:00:00
Downloading doclang-0.7.3-py3-none-any.whl (32 kB)
Downloading docling_ibm_models-4.0.2-py3-none-any.whl (69 kB)
Downloading docling_parse-7.20.0-cp312-cp312-manylinux_2_27_x86_64.manylinux_2_28_x86_64.whl (10.8 MB)
   ━━━━━━━━━━━━━━━━━━━━━━━━━━━━━━━━━━━━━━━━ 10.8/10.8 MB 63.3 MB/s  0:00:00
Downloading filetype-1.2.0-py2.py3-none-any.whl (19 kB)
Downloading httpcore-1.0.9-py3-none-any.whl (78 kB)
Downloading huggingface_hub-1.31.0-py3-none-any.whl (798 kB)
   ━━━━━━━━━━━━━━━━━━━━━━━━━━━━━━━━━━━━━━━━ 798.3/798.3 kB 6.2 MB/s  0:00:00
Downloading click-8.5.0-py3-none-any.whl (125 kB)
Downloading hf_xet-1.6.0-cp38-abi3-manylinux2014_x86_64.manylinux_2_17_x86_64.whl (4.5 MB)
   ━━━━━━━━━━━━━━━━━━━━━━━━━━━━━━━━━━━━━━━━ 4.5/4.5 MB 55.5 MB/s  0:00:00
Downloading jsonref-1.1.0-py3-none-any.whl (9.4 kB)
Downloading jsonschema-4.26.0-py3-none-any.whl (90 kB)
Downloading langcodes-3.5.1-py3-none-any.whl (183 kB)
Downloading latex2mathml-3.81.1-py3-none-any.whl (79 kB)
Downloading mail_parser-4.6.5-py3-none-any.whl (50 kB)
Downloading marko-2.2.4-py3-none-any.whl (46 kB)
Downloading numpy-2.5.3-cp312-cp312-manylinux_2_27_x86_64.manylinux_2_28_x86_64.whl (16.7 MB)
   ━━━━━━━━━━━━━━━━━━━━━━━━━━━━━━━━━━━━━━━━ 16.7/16.7 MB 119.3 MB/s  0:00:00
Downloading pandas-3.0.5-cp312-cp312-manylinux_2_24_x86_64.manylinux_2_28_x86_64.whl (11.0 MB)
   ━━━━━━━━━━━━━━━━━━━━━━━━━━━━━━━━━━━━━━━━ 11.0/11.0 MB 85.7 MB/s  0:00:00
Downloading pillow-12.3.0-cp312-cp312-manylinux_2_27_x86_64.manylinux_2_28_x86_64.whl (6.9 MB)
   ━━━━━━━━━━━━━━━━━━━━━━━━━━━━━━━━━━━━━━━━ 6.9/6.9 MB 49.4 MB/s  0:00:00
Downloading pluggy-1.6.0-py3-none-any.whl (20 kB)
Downloading pydantic-2.13.5-py3-none-any.whl (472 kB)
Downloading pydantic_core-2.46.5-cp312-cp312-manylinux_2_17_x86_64.manylinux2014_x86_64.whl (2.1 MB)
   ━━━━━━━━━━━━━━━━━━━━━━━━━━━━━━━━━━━━━━━━ 2.1/2.1 MB 18.3 MB/s  0:00:00
Downloading pydantic_settings-2.15.0-py3-none-any.whl (69 kB)
Downloading pylatexenc-2.11-py2.py3-none-any.whl (137 kB)
Downloading pypdfium2-5.13.0-py3-none-manylinux_2_17_x86_64.manylinux2014_x86_64.whl (3.7 MB)
   ━━━━━━━━━━━━━━━━━━━━━━━━━━━━━━━━━━━━━━━━ 3.7/3.7 MB 30.0 MB/s  0:00:00
Downloading python_docx-1.2.0-py3-none-any.whl (252 kB)
Downloading python_dotenv-1.2.3-py3-none-any.whl (22 kB)
Downloading python_oxmsg-0.0.2-py3-none-any.whl (31 kB)
Downloading python_pptx-1.0.2-py3-none-any.whl (472 kB)
Downloading rapidocr-3.9.2-py3-none-any.whl (27.3 MB)
   ━━━━━━━━━━━━━━━━━━━━━━━━━━━━━━━━━━━━━━━━ 27.3/27.3 MB 87.7 MB/s  0:00:00
Downloading requests-2.34.2-py3-none-any.whl (73 kB)
Downloading charset_normalizer-3.5.1-cp312-cp312-manylinux2014_x86_64.manylinux_2_17_x86_64.manylinux_2_28_x86_64.whl (248 kB)
Downloading idna-3.19-py3-none-any.whl (68 kB)
Downloading rtree-1.4.1-py3-none-manylinux_2_24_x86_64.manylinux_2_28_x86_64.whl (507 kB)
Downloading safetensors-0.8.0-cp310-abi3-manylinux_2_17_x86_64.manylinux2014_x86_64.whl (516 kB)
Downloading scipy-1.18.1-cp312-cp312-manylinux_2_27_x86_64.manylinux_2_28_x86_64.whl (35.3 MB)
   ━━━━━━━━━━━━━━━━━━━━━━━━━━━━━━━━━━━━━━━━ 35.3/35.3 MB 97.1 MB/s  0:00:00
Downloading semchunk-3.2.5-py3-none-any.whl (13 kB)
Downloading tabulate-0.10.0-py3-none-any.whl (39 kB)
Downloading torch-2.14.0-cp312-cp312-manylinux_2_28_x86_64.whl (554.6 MB)
   ━━━━━━━━━━━━━━━━━━━━━━━━━━━━━━━━━━━━━━━━ 554.6/554.6 MB 82.8 MB/s  0:00:05
Downloading cuda_toolkit-13.0.3.0-py2.py3-none-any.whl (2.5 kB)
Downloading nvidia_cudnn_cu13-9.24.0.43-py3-none-manylinux_2_27_x86_64.whl (553.1 MB)
   ━━━━━━━━━━━━━━━━━━━━━━━━━━━━━━━━━━━━━━━━ 553.1/553.1 MB 73.2 MB/s  0:00:05
Downloading nvidia_cusparselt_cu13-0.8.1-py3-none-manylinux2014_x86_64.whl (170.1 MB)
   ━━━━━━━━━━━━━━━━━━━━━━━━━━━━━━━━━━━━━━━━ 170.1/170.1 MB 123.4 MB/s  0:00:01
Downloading nvidia_nccl_cu13-2.30.7-py3-none-manylinux_2_18_x86_64.whl (216.0 MB)
   ━━━━━━━━━━━━━━━━━━━━━━━━━━━━━━━━━━━━━━━━ 216.0/216.0 MB 102.8 MB/s  0:00:02
Downloading nvidia_nvshmem_cu13-3.4.5-py3-none-manylinux2014_x86_64.manylinux_2_17_x86_64.whl (60.4 MB)
   ━━━━━━━━━━━━━━━━━━━━━━━━━━━━━━━━━━━━━━━━ 60.4/60.4 MB 142.9 MB/s  0:00:00
Downloading cuda_bindings-13.4.1-cp312-cp312-manylinux_2_24_x86_64.manylinux_2_28_x86_64.whl (7.2 MB)
   ━━━━━━━━━━━━━━━━━━━━━━━━━━━━━━━━━━━━━━━━ 7.2/7.2 MB 168.4 MB/s  0:00:00
Downloading nvidia_cublas-13.1.1.3-py3-none-manylinux_2_27_x86_64.whl (423.1 MB)
   ━━━━━━━━━━━━━━━━━━━━━━━━━━━━━━━━━━━━━━━━ 423.1/423.1 MB 77.4 MB/s  0:00:04
Downloading nvidia_cuda_cupti-13.0.85-py3-none-manylinux_2_25_x86_64.whl (10.7 MB)
   ━━━━━━━━━━━━━━━━━━━━━━━━━━━━━━━━━━━━━━━━ 10.7/10.7 MB 133.6 MB/s  0:00:00
Downloading nvidia_cuda_nvrtc-13.0.88-py3-none-manylinux2010_x86_64.manylinux_2_12_x86_64.whl (90.2 MB)
   ━━━━━━━━━━━━━━━━━━━━━━━━━━━━━━━━━━━━━━━━ 90.2/90.2 MB 129.1 MB/s  0:00:00
Downloading nvidia_cuda_runtime-13.0.96-py3-none-manylinux2014_x86_64.manylinux_2_17_x86_64.whl (2.2 MB)
   ━━━━━━━━━━━━━━━━━━━━━━━━━━━━━━━━━━━━━━━━ 2.2/2.2 MB 127.1 MB/s  0:00:00
Downloading nvidia_cufft-12.0.0.61-py3-none-manylinux2014_x86_64.manylinux_2_17_x86_64.whl (214.1 MB)
   ━━━━━━━━━━━━━━━━━━━━━━━━━━━━━━━━━━━━━━━━ 214.1/214.1 MB 91.0 MB/s  0:00:02
Downloading nvidia_cufile-1.15.1.6-py3-none-manylinux2014_x86_64.manylinux_2_17_x86_64.whl (1.2 MB)
   ━━━━━━━━━━━━━━━━━━━━━━━━━━━━━━━━━━━━━━━━ 1.2/1.2 MB 152.4 MB/s  0:00:00
Downloading nvidia_curand-10.4.0.35-py3-none-manylinux_2_27_x86_64.whl (59.5 MB)
   ━━━━━━━━━━━━━━━━━━━━━━━━━━━━━━━━━━━━━━━━ 59.5/59.5 MB 130.8 MB/s  0:00:00
Downloading nvidia_cusolver-12.0.4.66-py3-none-manylinux_2_27_x86_64.whl (200.9 MB)
   ━━━━━━━━━━━━━━━━━━━━━━━━━━━━━━━━━━━━━━━━ 200.9/200.9 MB 93.2 MB/s  0:00:02
Downloading nvidia_cusparse-12.6.3.3-py3-none-manylinux2014_x86_64.manylinux_2_17_x86_64.whl (145.9 MB)
   ━━━━━━━━━━━━━━━━━━━━━━━━━━━━━━━━━━━━━━━━ 145.9/145.9 MB 103.9 MB/s  0:00:01
Downloading nvidia_nvjitlink-13.4.92-py3-none-manylinux2010_x86_64.manylinux_2_12_x86_64.whl (42.5 MB)
   ━━━━━━━━━━━━━━━━━━━━━━━━━━━━━━━━━━━━━━━━ 42.5/42.5 MB 149.3 MB/s  0:00:00
Downloading nvidia_nvtx-13.0.85-py3-none-manylinux1_x86_64.manylinux_2_5_x86_64.whl (148 kB)
Downloading torchvision-0.29.0-cp312-cp312-manylinux_2_28_x86_64.whl (7.4 MB)
   ━━━━━━━━━━━━━━━━━━━━━━━━━━━━━━━━━━━━━━━━ 7.4/7.4 MB 53.0 MB/s  0:00:00
Downloading tqdm-4.70.1-py3-none-any.whl (80 kB)
Downloading transformers-5.17.0-py3-none-any.whl (12.3 MB)
   ━━━━━━━━━━━━━━━━━━━━━━━━━━━━━━━━━━━━━━━━ 12.3/12.3 MB 114.7 MB/s  0:00:00
Downloading tokenizers-0.23.2-cp310-abi3-manylinux_2_17_x86_64.manylinux2014_x86_64.whl (3.4 MB)
   ━━━━━━━━━━━━━━━━━━━━━━━━━━━━━━━━━━━━━━━━ 3.4/3.4 MB 53.2 MB/s  0:00:00
Downloading tree_sitter-0.26.0-cp312-cp312-manylinux2014_x86_64.manylinux_2_17_x86_64.manylinux_2_28_x86_64.whl (667 kB)
   ━━━━━━━━━━━━━━━━━━━━━━━━━━━━━━━━━━━━━━━━ 667.5/667.5 kB 9.1 MB/s  0:00:00
Downloading triton-3.8.0-cp312-cp312-manylinux_2_27_x86_64.manylinux_2_28_x86_64.whl (248.0 MB)
   ━━━━━━━━━━━━━━━━━━━━━━━━━━━━━━━━━━━━━━━━ 248.0/248.0 MB 99.1 MB/s  0:00:02
Downloading typer-0.26.8-py3-none-any.whl (122 kB)
Downloading typing_extensions-4.16.0-py3-none-any.whl (45 kB)
Downloading urllib3-2.8.0-py3-none-any.whl (135 kB)
Downloading websockets-16.1.1-cp312-cp312-manylinux1_x86_64.manylinux_2_28_x86_64.manylinux_2_5_x86_64.whl (187 kB)
Downloading fastapi-0.141.1-py3-none-any.whl (131 kB)
Downloading uvicorn-0.53.0-py3-none-any.whl (87 kB)
Downloading python_multipart-0.0.32-py3-none-any.whl (30 kB)
Downloading sqlglot-30.18.0-py3-none-any.whl (748 kB)
   ━━━━━━━━━━━━━━━━━━━━━━━━━━━━━━━━━━━━━━━━ 748.8/748.8 kB 10.4 MB/s  0:00:00
Downloading sqlparse-0.6.0-py3-none-any.whl (50 kB)
Downloading xlrd-2.0.2-py2.py3-none-any.whl (96 kB)
Downloading pyxlsb-1.0.10-py2.py3-none-any.whl (23 kB)
Downloading pytest-9.1.1-py3-none-any.whl (386 kB)
Downloading playwright-1.63.0-py3-none-manylinux1_x86_64.whl (48.2 MB)
   ━━━━━━━━━━━━━━━━━━━━━━━━━━━━━━━━━━━━━━━━ 48.2/48.2 MB 133.8 MB/s  0:00:00
Downloading greenlet-3.5.6-cp312-cp312-manylinux_2_24_x86_64.manylinux_2_28_x86_64.whl (621 kB)
   ━━━━━━━━━━━━━━━━━━━━━━━━━━━━━━━━━━━━━━━━ 621.4/621.4 kB 118.2 MB/s  0:00:00
Downloading pyee-13.0.1-py3-none-any.whl (15 kB)
Downloading build-1.6.1-py3-none-any.whl (31 kB)
Downloading annotated_doc-0.0.5-py3-none-any.whl (5.3 kB)
Downloading annotated_types-0.8.0-py3-none-any.whl (13 kB)
Downloading attrs-26.1.0-py3-none-any.whl (67 kB)
Downloading certifi-2026.7.22-py3-none-any.whl (136 kB)
Downloading cuda_pathfinder-1.8.1-py3-none-any.whl (62 kB)
Downloading filelock-4.0.0-py3-none-any.whl (106 kB)
Downloading fsspec-2026.7.0-py3-none-any.whl (206 kB)
Downloading h11-0.16.0-py3-none-any.whl (37 kB)
Downloading iniconfig-2.3.0-py3-none-any.whl (7.5 kB)
Downloading jsonschema_specifications-2025.9.1-py3-none-any.whl (18 kB)
Downloading lxml-6.1.3-cp312-cp312-manylinux_2_26_x86_64.manylinux_2_28_x86_64.whl (5.2 MB)
   ━━━━━━━━━━━━━━━━━━━━━━━━━━━━━━━━━━━━━━━━ 5.2/5.2 MB 64.3 MB/s  0:00:00
Downloading networkx-3.6.1-py3-none-any.whl (2.1 MB)
   ━━━━━━━━━━━━━━━━━━━━━━━━━━━━━━━━━━━━━━━━ 2.1/2.1 MB 32.2 MB/s  0:00:00
Downloading omegaconf-2.3.1-py3-none-any.whl (79 kB)
Downloading opencv_python-5.0.0.93-cp37-abi3-manylinux_2_28_x86_64.whl (73.8 MB)
   ━━━━━━━━━━━━━━━━━━━━━━━━━━━━━━━━━━━━━━━━ 73.8/73.8 MB 91.8 MB/s  0:00:00
Downloading packaging-26.3-py3-none-any.whl (129 kB)
Downloading polyfactory-3.3.0-py3-none-any.whl (62 kB)
Downloading faker-40.39.0-py3-none-any.whl (2.1 MB)
   ━━━━━━━━━━━━━━━━━━━━━━━━━━━━━━━━━━━━━━━━ 2.1/2.1 MB 33.1 MB/s  0:00:00
Downloading pyclipper-1.4.0-cp312-cp312-manylinux2014_x86_64.manylinux_2_17_x86_64.whl (978 kB)
   ━━━━━━━━━━━━━━━━━━━━━━━━━━━━━━━━━━━━━━━━ 978.2/978.2 kB 14.8 MB/s  0:00:00
Downloading pygments-2.21.0-py3-none-any.whl (1.3 MB)
   ━━━━━━━━━━━━━━━━━━━━━━━━━━━━━━━━━━━━━━━━ 1.3/1.3 MB 19.5 MB/s  0:00:00
Downloading python_dateutil-2.9.0.post0-py2.py3-none-any.whl (229 kB)
Downloading referencing-0.37.0-py3-none-any.whl (26 kB)
Downloading regex-2026.9.10-cp312-cp312-manylinux2014_x86_64.manylinux_2_17_x86_64.manylinux_2_28_x86_64.whl (804 kB)
   ━━━━━━━━━━━━━━━━━━━━━━━━━━━━━━━━━━━━━━━━ 804.6/804.6 kB 10.9 MB/s  0:00:00
Downloading rich-15.0.0-py3-none-any.whl (310 kB)
Downloading markdown_it_py-4.2.0-py3-none-any.whl (91 kB)
Downloading mdurl-0.1.2-py3-none-any.whl (10.0 kB)
Downloading rpds_py-2026.6.3-cp312-cp312-manylinux_2_17_x86_64.manylinux2014_x86_64.whl (366 kB)
Using cached setuptools-84.0.0-py3-none-any.whl (818 kB)
Downloading shapely-2.1.2-cp312-cp312-manylinux2014_x86_64.manylinux_2_17_x86_64.whl (3.1 MB)
   ━━━━━━━━━━━━━━━━━━━━━━━━━━━━━━━━━━━━━━━━ 3.1/3.1 MB 43.9 MB/s  0:00:00
Downloading shellingham-1.5.4-py2.py3-none-any.whl (9.8 kB)
Downloading six-1.17.0-py2.py3-none-any.whl (11 kB)
Downloading soupsieve-2.9.2-py3-none-any.whl (37 kB)
Downloading starlette-1.6.0-py3-none-any.whl (75 kB)
Downloading anyio-4.15.1-py3-none-any.whl (132 kB)
Downloading sympy-1.14.0-py3-none-any.whl (6.3 MB)
   ━━━━━━━━━━━━━━━━━━━━━━━━━━━━━━━━━━━━━━━━ 6.3/6.3 MB 183.3 MB/s  0:00:00
Downloading mpmath-1.3.0-py3-none-any.whl (536 kB)
   ━━━━━━━━━━━━━━━━━━━━━━━━━━━━━━━━━━━━━━━━ 536.2/536.2 kB 6.4 MB/s  0:00:00
Downloading tree_sitter_c-0.24.2-cp310-abi3-manylinux1_x86_64.manylinux_2_28_x86_64.manylinux_2_5_x86_64.whl (94 kB)
Downloading tree_sitter_javascript-0.25.0-cp310-abi3-manylinux1_x86_64.manylinux_2_28_x86_64.manylinux_2_5_x86_64.whl (99 kB)
Downloading tree_sitter_python-0.25.0-cp310-abi3-manylinux1_x86_64.manylinux_2_28_x86_64.manylinux_2_5_x86_64.whl (108 kB)
Downloading tree_sitter_typescript-0.23.2-cp39-abi3-manylinux_2_5_x86_64.manylinux1_x86_64.manylinux_2_17_x86_64.manylinux2014_x86_64.whl (344 kB)
Downloading typing_inspection-0.4.4-py3-none-any.whl (14 kB)
Downloading xlsxwriter-3.2.9-py3-none-any.whl (175 kB)
Downloading colorlog-6.12.0-py3-none-any.whl (12 kB)
Downloading et_xmlfile-2.0.0-py3-none-any.whl (18 kB)
Downloading jinja2-3.1.6-py3-none-any.whl (134 kB)
Downloading markupsafe-3.0.3-cp312-cp312-manylinux2014_x86_64.manylinux_2_17_x86_64.manylinux_2_28_x86_64.whl (22 kB)
Downloading mpire-2.10.2-py3-none-any.whl (272 kB)
Downloading multiprocess-0.70.19-py312-none-any.whl (150 kB)
Downloading dill-0.4.1-py3-none-any.whl (120 kB)
Downloading olefile-0.47-py2.py3-none-any.whl (114 kB)
Downloading psutil-7.2.2-cp36-abi3-manylinux2010_x86_64.manylinux_2_12_x86_64.manylinux_2_28_x86_64.whl (155 kB)
Downloading pyproject_hooks-1.3.3-py3-none-any.whl (10 kB)
Building wheels for collected packages: odfpy, antlr4-python3-runtime
  Building wheel for odfpy (pyproject.toml): started
  Building wheel for odfpy (pyproject.toml): finished with status 'done'
  Created wheel for odfpy: filename=odfpy-1.4.1-py2.py3-none-any.whl size=160717 sha256=9ab089cde3810b5876e88d1f603666d7741edcfbb333e6050761a495178f91a5
  Stored in directory: /root/.cache/pip/wheels/36/5d/63/8243a7ee78fff0f944d638fd0e66d7278888f5e2285d7346b6
  Building wheel for antlr4-python3-runtime (pyproject.toml): started
  Building wheel for antlr4-python3-runtime (pyproject.toml): finished with status 'done'
  Created wheel for antlr4-python3-runtime: filename=antlr4_python3_runtime-4.9.3-py3-none-any.whl size=144590 sha256=6a89099e511517b9364e2eb448a92a70441572419ec2a863aab3604c37b8246e
  Stored in directory: /root/.cache/pip/wheels/1f/be/48/13754633f1d08d1fbfc60d5e80ae1e5d7329500477685286cd
Successfully built odfpy antlr4-python3-runtime
Installing collected packages: pyxlsb, pylatexenc, nvidia-cusparselt-cu13, mpmath, filetype, cuda-toolkit, antlr4-python3-runtime, XlsxWriter, xlrd, websockets, urllib3, typing-extensions, triton, tree-sitter-typescript, tree-sitter-python, tree-sitter-javascript, tree-sitter-c, tree-sitter, tqdm, tabulate, sympy, sqlparse, sqlglot, soupsieve, six, shellingham, setuptools, safetensors, rtree, rpds-py, regex, pyyaml, python-multipart, python-dotenv, pyproject_hooks, pypdfium2, pygments, pyclipper, psutil, pluggy, pillow, packaging, olefile, nvidia-nvtx, nvidia-nvshmem-cu13, nvidia-nvjitlink, nvidia-nccl-cu13, nvidia-curand, nvidia-cufile, nvidia-cuda-runtime, nvidia-cuda-nvrtc, nvidia-cuda-cupti, numpy, networkx, mdurl, MarkupSafe, marko, mail-parser, lxml, latex2mathml, langcodes, jsonref, iniconfig, idna, hf-xet, h11, greenlet, fsspec, filelock, faker, et-xmlfile, dill, defusedxml, cuda-pathfinder, colorlog, click, charset-normalizer, certifi, attrs, annotated-types, annotated-doc, uvicorn, typing-inspection, Shapely, scipy, requests, referencing, python-pptx, python-oxmsg, python-docx, python-dateutil, pytest, pyee, pydantic-core, polyfactory, openpyxl, opencv_python, omegaconf, odfpy, nvidia-cusparse, nvidia-cufft, nvidia-cublas, multiprocess, mpire, markdown-it-py, jinja2, httpcore, cuda-bindings, build, beautifulsoup4, anyio, starlette, rich, rapidocr, pydantic, playwright, pandas, nvidia-cusolver, nvidia-cudnn-cu13, jsonschema-specifications, httpx, typer, semchunk, pydantic-settings, jsonschema, huggingface-hub, fastapi, torch, tokenizers, doclang, transformers, torchvision, docling-core, accelerate, docling-slim, docling-parse, docling-ibm-models, docling

Successfully installed MarkupSafe-3.0.3 Shapely-2.1.2 XlsxWriter-3.2.9 accelerate-1.15.0 annotated-doc-0.0.5 annotated-types-0.8.0 antlr4-python3-runtime-4.9.3 anyio-4.15.1 attrs-26.1.0 beautifulsoup4-4.15.0 build-1.6.1 certifi-2026.7.22 charset-normalizer-3.5.1 click-8.5.0 colorlog-6.12.0 cuda-bindings-13.4.1 cuda-pathfinder-1.8.1 cuda-toolkit-13.0.3.0 defusedxml-0.7.1 dill-0.4.1 doclang-0.7.3 docling-2.128.0 docling-core-2.97.0 docling-ibm-models-4.0.2 docling-parse-7.20.0 docling-slim-2.128.0 et-xmlfile-2.0.0 faker-40.39.0 fastapi-0.141.1 filelock-4.0.0 filetype-1.2.0 fsspec-2026.7.0 greenlet-3.5.6 h11-0.16.0 hf-xet-1.6.0 httpcore-1.0.9 httpx-0.28.1 huggingface-hub-1.31.0 idna-3.19 iniconfig-2.3.0 jinja2-3.1.6 jsonref-1.1.0 jsonschema-4.26.0 jsonschema-specifications-2025.9.1 langcodes-3.5.1 latex2mathml-3.81.1 lxml-6.1.3 mail-parser-4.6.5 markdown-it-py-4.2.0 marko-2.2.4 mdurl-0.1.2 mpire-2.10.2 mpmath-1.3.0 multiprocess-0.70.19 networkx-3.6.1 numpy-2.5.3 nvidia-cublas-13.1.1.3 nvidia-cuda-cupti-13.0.85 nvidia-cuda-nvrtc-13.0.88 nvidia-cuda-runtime-13.0.96 nvidia-cudnn-cu13-9.24.0.43 nvidia-cufft-12.0.0.61 nvidia-cufile-1.15.1.6 nvidia-curand-10.4.0.35 nvidia-cusolver-12.0.4.66 nvidia-cusparse-12.6.3.3 nvidia-cusparselt-cu13-0.8.1 nvidia-nccl-cu13-2.30.7 nvidia-nvjitlink-13.4.92 nvidia-nvshmem-cu13-3.4.5 nvidia-nvtx-13.0.85 odfpy-1.4.1 olefile-0.47 omegaconf-2.3.1 opencv_python-5.0.0.93 openpyxl-3.1.5 packaging-26.3 pandas-3.0.5 pillow-12.3.0 playwright-1.63.0 pluggy-1.6.0 polyfactory-3.3.0 psutil-7.2.2 pyclipper-1.4.0 pydantic-2.13.5 pydantic-core-2.46.5 pydantic-settings-2.15.0 pyee-13.0.1 pygments-2.21.0 pylatexenc-2.11 pypdfium2-5.13.0 pyproject_hooks-1.3.3 pytest-9.1.1 python-dateutil-2.9.0.post0 python-docx-1.2.0 python-dotenv-1.2.3 python-multipart-0.0.32 python-oxmsg-0.0.2 python-pptx-1.0.2 pyxlsb-1.0.10 pyyaml-6.0.3 rapidocr-3.9.2 referencing-0.37.0 regex-2026.9.10 requests-2.34.2 rich-15.0.0 rpds-py-2026.6.3 rtree-1.4.1 safetensors-0.8.0 scipy-1.18.1 semchunk-3.2.5 setuptools-84.0.0 shellingham-1.5.4 six-1.17.0 soupsieve-2.9.2 sqlglot-30.18.0 sqlparse-0.6.0 starlette-1.6.0 sympy-1.14.0 tabulate-0.10.0 tokenizers-0.23.2 torch-2.14.0 torchvision-0.29.0 tqdm-4.70.1 transformers-5.17.0 tree-sitter-0.26.0 tree-sitter-c-0.24.2 tree-sitter-javascript-0.25.0 tree-sitter-python-0.25.0 tree-sitter-typescript-0.23.2 triton-3.8.0 typer-0.26.8 typing-extensions-4.16.0 typing-inspection-0.4.4 urllib3-2.8.0 uvicorn-0.53.0 websockets-16.1.1 xlrd-2.0.2
