Obtaining file:///workspace/scratch/f8392732e1af/dslm3
  Installing build dependencies: started
  Installing build dependencies: finished with status 'done'
  Checking if build backend supports build_editable: started
  Checking if build backend supports build_editable: finished with status 'done'
  Getting requirements to build editable: started
  Getting requirements to build editable: finished with status 'done'
  Preparing editable metadata (pyproject.toml): started
  Preparing editable metadata (pyproject.toml): finished with status 'done'
Requirement already satisfied: docling==2.128.0 in ./.venv/lib/python3.12/site-packages (from dslm3==3.0.0) (2.128.0)
Requirement already satisfied: opencv-python==4.12.0.88 in ./.venv/lib/python3.12/site-packages (from dslm3==3.0.0) (4.12.0.88)
Requirement already satisfied: fastapi<1,>=0.115 in ./.venv/lib/python3.12/site-packages (from dslm3==3.0.0) (0.141.1)
Requirement already satisfied: uvicorn<1,>=0.30 in ./.venv/lib/python3.12/site-packages (from dslm3==3.0.0) (0.53.0)
Requirement already satisfied: python-multipart>=0.0.18 in ./.venv/lib/python3.12/site-packages (from dslm3==3.0.0) (0.0.32)
Requirement already satisfied: sqlglot>=30 in ./.venv/lib/python3.12/site-packages (from dslm3==3.0.0) (30.18.0)
Requirement already satisfied: sqlparse>=0.5 in ./.venv/lib/python3.12/site-packages (from dslm3==3.0.0) (0.6.0)
Requirement already satisfied: openpyxl<4,>=3.1 in ./.venv/lib/python3.12/site-packages (from dslm3==3.0.0) (3.1.5)
Requirement already satisfied: xlrd<3,>=2 in ./.venv/lib/python3.12/site-packages (from dslm3==3.0.0) (2.0.2)
Requirement already satisfied: pyxlsb<2,>=1 in ./.venv/lib/python3.12/site-packages (from dslm3==3.0.0) (1.0.10)
Requirement already satisfied: odfpy>=1.4 in ./.venv/lib/python3.12/site-packages (from dslm3==3.0.0) (1.4.1)
Requirement already satisfied: PyYAML<7,>=6 in ./.venv/lib/python3.12/site-packages (from dslm3==3.0.0) (6.0.3)
Requirement already satisfied: charset-normalizer<4,>=3 in ./.venv/lib/python3.12/site-packages (from dslm3==3.0.0) (3.5.1)
Requirement already satisfied: defusedxml<1,>=0.7 in ./.venv/lib/python3.12/site-packages (from dslm3==3.0.0) (0.7.1)
Requirement already satisfied: lxml<7,>=6 in ./.venv/lib/python3.12/site-packages (from dslm3==3.0.0) (6.1.3)
Requirement already satisfied: pytest>=8 in ./.venv/lib/python3.12/site-packages (from dslm3==3.0.0) (9.1.1)
Requirement already satisfied: httpx>=0.27 in ./.venv/lib/python3.12/site-packages (from dslm3==3.0.0) (0.28.1)
Requirement already satisfied: playwright>=1.48 in ./.venv/lib/python3.12/site-packages (from dslm3==3.0.0) (1.63.0)
Requirement already satisfied: build>=1 in ./.venv/lib/python3.12/site-packages (from dslm3==3.0.0) (1.6.1)
Requirement already satisfied: docling-slim==2.128.0 in ./.venv/lib/python3.12/site-packages (from docling-slim[standard]==2.128.0->docling==2.128.0->dslm3==3.0.0) (2.128.0)
Requirement already satisfied: certifi>=2024.7.4 in ./.venv/lib/python3.12/site-packages (from docling-slim==2.128.0->docling-slim[standard]==2.128.0->docling==2.128.0->dslm3==3.0.0) (2026.7.22)
Requirement already satisfied: docling-core<3.0.0,>=2.96.0 in ./.venv/lib/python3.12/site-packages (from docling-slim==2.128.0->docling-slim[standard]==2.128.0->docling==2.128.0->dslm3==3.0.0) (2.97.0)
Requirement already satisfied: filetype<2.0.0,>=1.2.0 in ./.venv/lib/python3.12/site-packages (from docling-slim==2.128.0->docling-slim[standard]==2.128.0->docling==2.128.0->dslm3==3.0.0) (1.2.0)
Requirement already satisfied: langcodes<4.0.0,>=3.5.0 in ./.venv/lib/python3.12/site-packages (from docling-slim==2.128.0->docling-slim[standard]==2.128.0->docling==2.128.0->dslm3==3.0.0) (3.5.1)
Requirement already satisfied: pluggy<2.0.0,>=1.0.0 in ./.venv/lib/python3.12/site-packages (from docling-slim==2.128.0->docling-slim[standard]==2.128.0->docling==2.128.0->dslm3==3.0.0) (1.6.0)
Requirement already satisfied: pydantic-settings<3.0.0,>=2.3.0 in ./.venv/lib/python3.12/site-packages (from docling-slim==2.128.0->docling-slim[standard]==2.128.0->docling==2.128.0->dslm3==3.0.0) (2.15.0)
Requirement already satisfied: pydantic<3.0.0,>=2.0.0 in ./.venv/lib/python3.12/site-packages (from docling-slim==2.128.0->docling-slim[standard]==2.128.0->docling==2.128.0->dslm3==3.0.0) (2.13.5)
Requirement already satisfied: requests<3.0.0,>=2.32.2 in ./.venv/lib/python3.12/site-packages (from docling-slim==2.128.0->docling-slim[standard]==2.128.0->docling==2.128.0->dslm3==3.0.0) (2.34.2)
Requirement already satisfied: tqdm<5.0.0,>=4.65.0 in ./.venv/lib/python3.12/site-packages (from docling-slim==2.128.0->docling-slim[standard]==2.128.0->docling==2.128.0->dslm3==3.0.0) (4.70.1)
Requirement already satisfied: accelerate<2,>=1.0.0 in ./.venv/lib/python3.12/site-packages (from docling-slim[standard]==2.128.0->docling==2.128.0->dslm3==3.0.0) (1.15.0)
Requirement already satisfied: beautifulsoup4<5.0.0,>=4.12.3 in ./.venv/lib/python3.12/site-packages (from docling-slim[standard]==2.128.0->docling==2.128.0->dslm3==3.0.0) (4.15.0)
Requirement already satisfied: docling-ibm-models<5,>=4.0.2 in ./.venv/lib/python3.12/site-packages (from docling-slim[standard]==2.128.0->docling==2.128.0->dslm3==3.0.0) (4.0.2)
Requirement already satisfied: docling-parse<8.0.0,>=7.20.0 in ./.venv/lib/python3.12/site-packages (from docling-slim[standard]==2.128.0->docling==2.128.0->dslm3==3.0.0) (7.20.0)
Requirement already satisfied: huggingface-hub<2,>=0.23 in ./.venv/lib/python3.12/site-packages (from docling-slim[standard]==2.128.0->docling==2.128.0->dslm3==3.0.0) (1.31.0)
Requirement already satisfied: mail-parser<5.0.0,>=4.1.4 in ./.venv/lib/python3.12/site-packages (from docling-slim[standard]==2.128.0->docling==2.128.0->dslm3==3.0.0) (4.6.5)
Requirement already satisfied: marko<3.0.0,>=2.1.2 in ./.venv/lib/python3.12/site-packages (from docling-slim[standard]==2.128.0->docling==2.128.0->dslm3==3.0.0) (2.2.4)
Requirement already satisfied: numpy<3.0.0,>=1.24.0 in ./.venv/lib/python3.12/site-packages (from docling-slim[standard]==2.128.0->docling==2.128.0->dslm3==3.0.0) (2.2.6)
Requirement already satisfied: pillow<13.0.0,>=10.0.0 in ./.venv/lib/python3.12/site-packages (from docling-slim[standard]==2.128.0->docling==2.128.0->dslm3==3.0.0) (12.3.0)
Requirement already satisfied: polyfactory>=2.22.2 in ./.venv/lib/python3.12/site-packages (from docling-slim[standard]==2.128.0->docling==2.128.0->dslm3==3.0.0) (3.3.0)
Requirement already satisfied: pylatexenc<3.0,>=2.10 in ./.venv/lib/python3.12/site-packages (from docling-slim[standard]==2.128.0->docling==2.128.0->dslm3==3.0.0) (2.11)
Requirement already satisfied: pypdfium2!=4.30.1,<6.0.0,>=4.30.0 in ./.venv/lib/python3.12/site-packages (from docling-slim[standard]==2.128.0->docling==2.128.0->dslm3==3.0.0) (5.13.0)
Requirement already satisfied: python-docx<2.0.0,>=1.2.0 in ./.venv/lib/python3.12/site-packages (from docling-slim[standard]==2.128.0->docling==2.128.0->dslm3==3.0.0) (1.2.0)
Requirement already satisfied: python-dotenv~=1.0 in ./.venv/lib/python3.12/site-packages (from docling-slim[standard]==2.128.0->docling==2.128.0->dslm3==3.0.0) (1.2.3)
Requirement already satisfied: python-oxmsg<0.1.0,>=0.0.2 in ./.venv/lib/python3.12/site-packages (from docling-slim[standard]==2.128.0->docling==2.128.0->dslm3==3.0.0) (0.0.2)
Requirement already satisfied: python-pptx<2.0.0,>=1.0.2 in ./.venv/lib/python3.12/site-packages (from docling-slim[standard]==2.128.0->docling==2.128.0->dslm3==3.0.0) (1.0.2)
Requirement already satisfied: rapidocr<4.0.0,>=3.9.1 in ./.venv/lib/python3.12/site-packages (from docling-slim[standard]==2.128.0->docling==2.128.0->dslm3==3.0.0) (3.9.2)
Requirement already satisfied: rich>=13.0.0 in ./.venv/lib/python3.12/site-packages (from docling-slim[standard]==2.128.0->docling==2.128.0->dslm3==3.0.0) (15.0.0)
Requirement already satisfied: rtree<2.0.0,>=1.3.0 in ./.venv/lib/python3.12/site-packages (from docling-slim[standard]==2.128.0->docling==2.128.0->dslm3==3.0.0) (1.4.1)
Requirement already satisfied: scipy<2.0.0,>=1.6.0 in ./.venv/lib/python3.12/site-packages (from docling-slim[standard]==2.128.0->docling==2.128.0->dslm3==3.0.0) (1.18.1)
Requirement already satisfied: torch<3.0.0,>=2.2.2 in ./.venv/lib/python3.12/site-packages (from docling-slim[standard]==2.128.0->docling==2.128.0->dslm3==3.0.0) (2.14.0+cpu)
Requirement already satisfied: torchvision<1,>=0 in ./.venv/lib/python3.12/site-packages (from docling-slim[standard]==2.128.0->docling==2.128.0->dslm3==3.0.0) (0.29.0+cpu)
Requirement already satisfied: typer<0.27.0,>=0.19.0 in ./.venv/lib/python3.12/site-packages (from docling-slim[standard]==2.128.0->docling==2.128.0->dslm3==3.0.0) (0.26.8)
Requirement already satisfied: websockets<17.0,>=14.0 in ./.venv/lib/python3.12/site-packages (from docling-slim[standard]==2.128.0->docling==2.128.0->dslm3==3.0.0) (16.1.1)
Requirement already satisfied: packaging>=20.0 in ./.venv/lib/python3.12/site-packages (from accelerate<2,>=1.0.0->docling-slim[standard]==2.128.0->docling==2.128.0->dslm3==3.0.0) (26.3)
Requirement already satisfied: psutil in ./.venv/lib/python3.12/site-packages (from accelerate<2,>=1.0.0->docling-slim[standard]==2.128.0->docling==2.128.0->dslm3==3.0.0) (7.2.2)
Requirement already satisfied: safetensors>=0.4.3 in ./.venv/lib/python3.12/site-packages (from accelerate<2,>=1.0.0->docling-slim[standard]==2.128.0->docling==2.128.0->dslm3==3.0.0) (0.8.0)
Requirement already satisfied: soupsieve>=1.6.1 in ./.venv/lib/python3.12/site-packages (from beautifulsoup4<5.0.0,>=4.12.3->docling-slim[standard]==2.128.0->docling==2.128.0->dslm3==3.0.0) (2.9.2)
Requirement already satisfied: typing-extensions>=4.0.0 in ./.venv/lib/python3.12/site-packages (from beautifulsoup4<5.0.0,>=4.12.3->docling-slim[standard]==2.128.0->docling==2.128.0->dslm3==3.0.0) (4.16.0)
Requirement already satisfied: jsonschema<5.0.0,>=4.16.0 in ./.venv/lib/python3.12/site-packages (from docling-core<3.0.0,>=2.96.0->docling-slim==2.128.0->docling-slim[standard]==2.128.0->docling==2.128.0->dslm3==3.0.0) (4.26.0)
Requirement already satisfied: jsonref<2.0.0,>=1.1.0 in ./.venv/lib/python3.12/site-packages (from docling-core<3.0.0,>=2.96.0->docling-slim==2.128.0->docling-slim[standard]==2.128.0->docling==2.128.0->dslm3==3.0.0) (1.1.0)
Requirement already satisfied: tabulate<0.11.0,>=0.9.0 in ./.venv/lib/python3.12/site-packages (from docling-core<3.0.0,>=2.96.0->docling-slim==2.128.0->docling-slim[standard]==2.128.0->docling==2.128.0->dslm3==3.0.0) (0.10.0)
Requirement already satisfied: pandas<4.0.0,>=2.1.4 in ./.venv/lib/python3.12/site-packages (from docling-core<3.0.0,>=2.96.0->docling-slim==2.128.0->docling-slim[standard]==2.128.0->docling==2.128.0->dslm3==3.0.0) (3.0.5)
Requirement already satisfied: latex2mathml<4.0.0,>=3.77.0 in ./.venv/lib/python3.12/site-packages (from docling-core<3.0.0,>=2.96.0->docling-slim==2.128.0->docling-slim[standard]==2.128.0->docling==2.128.0->dslm3==3.0.0) (3.81.1)
Requirement already satisfied: doclang<0.8,>=0.7 in ./.venv/lib/python3.12/site-packages (from docling-core<3.0.0,>=2.96.0->docling-slim==2.128.0->docling-slim[standard]==2.128.0->docling==2.128.0->dslm3==3.0.0) (0.7.3)
Requirement already satisfied: semchunk<4.0.0,>=2.2.0 in ./.venv/lib/python3.12/site-packages (from docling-core[chunking]<3.0.0,>=2.96.0; extra == "standard"->docling-slim[standard]==2.128.0->docling==2.128.0->dslm3==3.0.0) (3.2.5)
Requirement already satisfied: tree-sitter<0.27.0,>=0.25.0 in ./.venv/lib/python3.12/site-packages (from docling-core[chunking]<3.0.0,>=2.96.0; extra == "standard"->docling-slim[standard]==2.128.0->docling==2.128.0->dslm3==3.0.0) (0.26.0)
Requirement already satisfied: tree-sitter-python>=0.23.6 in ./.venv/lib/python3.12/site-packages (from docling-core[chunking]<3.0.0,>=2.96.0; extra == "standard"->docling-slim[standard]==2.128.0->docling==2.128.0->dslm3==3.0.0) (0.25.0)
Requirement already satisfied: tree-sitter-c>=0.23.4 in ./.venv/lib/python3.12/site-packages (from docling-core[chunking]<3.0.0,>=2.96.0; extra == "standard"->docling-slim[standard]==2.128.0->docling==2.128.0->dslm3==3.0.0) (0.24.2)
Requirement already satisfied: tree-sitter-javascript>=0.23.1 in ./.venv/lib/python3.12/site-packages (from docling-core[chunking]<3.0.0,>=2.96.0; extra == "standard"->docling-slim[standard]==2.128.0->docling==2.128.0->dslm3==3.0.0) (0.25.0)
Requirement already satisfied: tree-sitter-typescript>=0.23.2 in ./.venv/lib/python3.12/site-packages (from docling-core[chunking]<3.0.0,>=2.96.0; extra == "standard"->docling-slim[standard]==2.128.0->docling==2.128.0->dslm3==3.0.0) (0.23.2)
Requirement already satisfied: transformers<6.0.0,>=4.42.0 in ./.venv/lib/python3.12/site-packages (from docling-core[chunking]<3.0.0,>=2.96.0; extra == "standard"->docling-slim[standard]==2.128.0->docling==2.128.0->dslm3==3.0.0) (5.17.0)
Requirement already satisfied: starlette>=0.46.0 in ./.venv/lib/python3.12/site-packages (from fastapi<1,>=0.115->dslm3==3.0.0) (1.6.0)
Requirement already satisfied: typing-inspection>=0.4.2 in ./.venv/lib/python3.12/site-packages (from fastapi<1,>=0.115->dslm3==3.0.0) (0.4.4)
Requirement already satisfied: annotated-doc>=0.0.2 in ./.venv/lib/python3.12/site-packages (from fastapi<1,>=0.115->dslm3==3.0.0) (0.0.5)
Requirement already satisfied: anyio in ./.venv/lib/python3.12/site-packages (from httpx>=0.27->dslm3==3.0.0) (4.15.1)
Requirement already satisfied: httpcore==1.* in ./.venv/lib/python3.12/site-packages (from httpx>=0.27->dslm3==3.0.0) (1.0.9)
Requirement already satisfied: idna in ./.venv/lib/python3.12/site-packages (from httpx>=0.27->dslm3==3.0.0) (3.19)
Requirement already satisfied: h11>=0.16 in ./.venv/lib/python3.12/site-packages (from httpcore==1.*->httpx>=0.27->dslm3==3.0.0) (0.16.0)
Requirement already satisfied: click<9.0.0,>=8.4.2 in ./.venv/lib/python3.12/site-packages (from huggingface-hub<2,>=0.23->docling-slim[standard]==2.128.0->docling==2.128.0->dslm3==3.0.0) (8.5.0)
Requirement already satisfied: filelock>=3.10.0 in ./.venv/lib/python3.12/site-packages (from huggingface-hub<2,>=0.23->docling-slim[standard]==2.128.0->docling==2.128.0->dslm3==3.0.0) (4.0.0)
Requirement already satisfied: fsspec>=2023.5.0 in ./.venv/lib/python3.12/site-packages (from huggingface-hub<2,>=0.23->docling-slim[standard]==2.128.0->docling==2.128.0->dslm3==3.0.0) (2026.7.0)
Requirement already satisfied: hf-xet<2.0.0,>=1.5.2 in ./.venv/lib/python3.12/site-packages (from huggingface-hub<2,>=0.23->docling-slim[standard]==2.128.0->docling==2.128.0->dslm3==3.0.0) (1.6.0)
Requirement already satisfied: attrs>=22.2.0 in ./.venv/lib/python3.12/site-packages (from jsonschema<5.0.0,>=4.16.0->docling-core<3.0.0,>=2.96.0->docling-slim==2.128.0->docling-slim[standard]==2.128.0->docling==2.128.0->dslm3==3.0.0) (26.1.0)
Requirement already satisfied: jsonschema-specifications>=2023.03.6 in ./.venv/lib/python3.12/site-packages (from jsonschema<5.0.0,>=4.16.0->docling-core<3.0.0,>=2.96.0->docling-slim==2.128.0->docling-slim[standard]==2.128.0->docling==2.128.0->dslm3==3.0.0) (2025.9.1)
Requirement already satisfied: referencing>=0.28.4 in ./.venv/lib/python3.12/site-packages (from jsonschema<5.0.0,>=4.16.0->docling-core<3.0.0,>=2.96.0->docling-slim==2.128.0->docling-slim[standard]==2.128.0->docling==2.128.0->dslm3==3.0.0) (0.37.0)
Requirement already satisfied: rpds-py>=0.25.0 in ./.venv/lib/python3.12/site-packages (from jsonschema<5.0.0,>=4.16.0->docling-core<3.0.0,>=2.96.0->docling-slim==2.128.0->docling-slim[standard]==2.128.0->docling==2.128.0->dslm3==3.0.0) (2026.6.3)
Requirement already satisfied: et-xmlfile in ./.venv/lib/python3.12/site-packages (from openpyxl<4,>=3.1->dslm3==3.0.0) (2.0.0)
Requirement already satisfied: python-dateutil>=2.8.2 in ./.venv/lib/python3.12/site-packages (from pandas<4.0.0,>=2.1.4->docling-core<3.0.0,>=2.96.0->docling-slim==2.128.0->docling-slim[standard]==2.128.0->docling==2.128.0->dslm3==3.0.0) (2.9.0.post0)
Requirement already satisfied: annotated-types>=0.6.0 in ./.venv/lib/python3.12/site-packages (from pydantic<3.0.0,>=2.0.0->docling-slim==2.128.0->docling-slim[standard]==2.128.0->docling==2.128.0->dslm3==3.0.0) (0.8.0)
Requirement already satisfied: pydantic-core==2.46.5 in ./.venv/lib/python3.12/site-packages (from pydantic<3.0.0,>=2.0.0->docling-slim==2.128.0->docling-slim[standard]==2.128.0->docling==2.128.0->dslm3==3.0.0) (2.46.5)
Requirement already satisfied: olefile in ./.venv/lib/python3.12/site-packages (from python-oxmsg<0.1.0,>=0.0.2->docling-slim[standard]==2.128.0->docling==2.128.0->dslm3==3.0.0) (0.47)
Requirement already satisfied: XlsxWriter>=0.5.7 in ./.venv/lib/python3.12/site-packages (from python-pptx<2.0.0,>=1.0.2->docling-slim[standard]==2.128.0->docling==2.128.0->dslm3==3.0.0) (3.2.9)
Requirement already satisfied: pyclipper>=1.2.0 in ./.venv/lib/python3.12/site-packages (from rapidocr<4.0.0,>=3.9.1->docling-slim[standard]==2.128.0->docling==2.128.0->dslm3==3.0.0) (1.4.0)
Requirement already satisfied: six>=1.15.0 in ./.venv/lib/python3.12/site-packages (from rapidocr<4.0.0,>=3.9.1->docling-slim[standard]==2.128.0->docling==2.128.0->dslm3==3.0.0) (1.17.0)
Requirement already satisfied: Shapely!=2.0.4,>=1.7.1 in ./.venv/lib/python3.12/site-packages (from rapidocr<4.0.0,>=3.9.1->docling-slim[standard]==2.128.0->docling==2.128.0->dslm3==3.0.0) (2.1.2)
Requirement already satisfied: omegaconf!=2.2.1 in ./.venv/lib/python3.12/site-packages (from rapidocr<4.0.0,>=3.9.1->docling-slim[standard]==2.128.0->docling==2.128.0->dslm3==3.0.0) (2.3.1)
Requirement already satisfied: colorlog in ./.venv/lib/python3.12/site-packages (from rapidocr<4.0.0,>=3.9.1->docling-slim[standard]==2.128.0->docling==2.128.0->dslm3==3.0.0) (6.12.0)
Requirement already satisfied: urllib3<3,>=1.26 in ./.venv/lib/python3.12/site-packages (from requests<3.0.0,>=2.32.2->docling-slim==2.128.0->docling-slim[standard]==2.128.0->docling==2.128.0->dslm3==3.0.0) (2.8.0)
Requirement already satisfied: mpire[dill] in ./.venv/lib/python3.12/site-packages (from semchunk<4.0.0,>=2.2.0->docling-core[chunking]<3.0.0,>=2.96.0; extra == "standard"->docling-slim[standard]==2.128.0->docling==2.128.0->dslm3==3.0.0) (2.10.2)
Requirement already satisfied: setuptools>=77.0.3 in ./.venv/lib/python3.12/site-packages (from torch<3.0.0,>=2.2.2->docling-slim[standard]==2.128.0->docling==2.128.0->dslm3==3.0.0) (84.0.0)
Requirement already satisfied: sympy>=1.13.3 in ./.venv/lib/python3.12/site-packages (from torch<3.0.0,>=2.2.2->docling-slim[standard]==2.128.0->docling==2.128.0->dslm3==3.0.0) (1.14.0)
Requirement already satisfied: networkx>=2.5.1 in ./.venv/lib/python3.12/site-packages (from torch<3.0.0,>=2.2.2->docling-slim[standard]==2.128.0->docling==2.128.0->dslm3==3.0.0) (3.6.1)
Requirement already satisfied: jinja2 in ./.venv/lib/python3.12/site-packages (from torch<3.0.0,>=2.2.2->docling-slim[standard]==2.128.0->docling==2.128.0->dslm3==3.0.0) (3.1.6)
Requirement already satisfied: regex>=2025.10.22 in ./.venv/lib/python3.12/site-packages (from transformers<6.0.0,>=4.42.0->docling-core[chunking]<3.0.0,>=2.96.0; extra == "standard"->docling-slim[standard]==2.128.0->docling==2.128.0->dslm3==3.0.0) (2026.9.10)
Requirement already satisfied: tokenizers<0.24.0,>=0.23.1 in ./.venv/lib/python3.12/site-packages (from transformers<6.0.0,>=4.42.0->docling-core[chunking]<3.0.0,>=2.96.0; extra == "standard"->docling-slim[standard]==2.128.0->docling==2.128.0->dslm3==3.0.0) (0.23.2)
Requirement already satisfied: shellingham>=1.3.0 in ./.venv/lib/python3.12/site-packages (from typer<0.27.0,>=0.19.0->docling-slim[standard]==2.128.0->docling==2.128.0->dslm3==3.0.0) (1.5.4)
Requirement already satisfied: pyproject_hooks in ./.venv/lib/python3.12/site-packages (from build>=1->dslm3==3.0.0) (1.3.3)
Requirement already satisfied: antlr4-python3-runtime==4.9.* in ./.venv/lib/python3.12/site-packages (from omegaconf!=2.2.1->rapidocr<4.0.0,>=3.9.1->docling-slim[standard]==2.128.0->docling==2.128.0->dslm3==3.0.0) (4.9.3)
Requirement already satisfied: pyee<14,>=13 in ./.venv/lib/python3.12/site-packages (from playwright>=1.48->dslm3==3.0.0) (13.0.1)
Requirement already satisfied: greenlet<4.0.0,>=3.1.1 in ./.venv/lib/python3.12/site-packages (from playwright>=1.48->dslm3==3.0.0) (3.5.6)
Requirement already satisfied: faker>=5.0.0 in ./.venv/lib/python3.12/site-packages (from polyfactory>=2.22.2->docling-slim[standard]==2.128.0->docling==2.128.0->dslm3==3.0.0) (40.39.0)
Requirement already satisfied: iniconfig>=1.0.1 in ./.venv/lib/python3.12/site-packages (from pytest>=8->dslm3==3.0.0) (2.3.0)
Requirement already satisfied: pygments>=2.7.2 in ./.venv/lib/python3.12/site-packages (from pytest>=8->dslm3==3.0.0) (2.21.0)
Requirement already satisfied: markdown-it-py>=2.2.0 in ./.venv/lib/python3.12/site-packages (from rich>=13.0.0->docling-slim[standard]==2.128.0->docling==2.128.0->dslm3==3.0.0) (4.2.0)
Requirement already satisfied: mdurl~=0.1 in ./.venv/lib/python3.12/site-packages (from markdown-it-py>=2.2.0->rich>=13.0.0->docling-slim[standard]==2.128.0->docling==2.128.0->dslm3==3.0.0) (0.1.2)
Requirement already satisfied: mpmath<1.4,>=1.1.0 in ./.venv/lib/python3.12/site-packages (from sympy>=1.13.3->torch<3.0.0,>=2.2.2->docling-slim[standard]==2.128.0->docling==2.128.0->dslm3==3.0.0) (1.3.0)
Requirement already satisfied: MarkupSafe>=2.0 in ./.venv/lib/python3.12/site-packages (from jinja2->torch<3.0.0,>=2.2.2->docling-slim[standard]==2.128.0->docling==2.128.0->dslm3==3.0.0) (3.0.3)
Requirement already satisfied: multiprocess>=0.70.15 in ./.venv/lib/python3.12/site-packages (from mpire[dill]->semchunk<4.0.0,>=2.2.0->docling-core[chunking]<3.0.0,>=2.96.0; extra == "standard"->docling-slim[standard]==2.128.0->docling==2.128.0->dslm3==3.0.0) (0.70.19)
Requirement already satisfied: dill>=0.4.1 in ./.venv/lib/python3.12/site-packages (from multiprocess>=0.70.15->mpire[dill]->semchunk<4.0.0,>=2.2.0->docling-core[chunking]<3.0.0,>=2.96.0; extra == "standard"->docling-slim[standard]==2.128.0->docling==2.128.0->dslm3==3.0.0) (0.4.1)
Building wheels for collected packages: dslm3
  Building editable for dslm3 (pyproject.toml): started
  Building editable for dslm3 (pyproject.toml): finished with status 'done'
  Created wheel for dslm3: filename=dslm3-3.0.0-0.editable-py3-none-any.whl size=1710 sha256=d76a38cb0aa59e6b0ae0ae5b30da5ca566cef072b556e35eeaffb0cf406b1957
  Stored in directory: /tmp/pip-ephem-wheel-cache-44a5qew2/wheels/39/cd/ee/c30b1ccc6c7abfe959aedfe115e900db14eeae92677af3e929
Successfully built dslm3
Installing collected packages: dslm3
Successfully installed dslm3-3.0.0
