Looking in indexes: https://download.pytorch.org/whl/cpu
Collecting torch
  Downloading torch-2.14.0%2Bcpu-cp312-cp312-manylinux_2_28_x86_64.whl.metadata (37 kB)
Collecting torchvision
  Downloading torchvision-0.29.0%2Bcpu-cp312-cp312-manylinux_2_28_x86_64.whl.metadata (5.7 kB)
Downloading torch-2.14.0%2Bcpu-cp312-cp312-manylinux_2_28_x86_64.whl (196.3 MB)
   ━━━━━━━━━━━━━━━━━━━━━━━━━━━━━━━━━━━━━━━━ 196.3/196.3 MB 132.5 MB/s  0:00:01
Downloading torchvision-0.29.0%2Bcpu-cp312-cp312-manylinux_2_28_x86_64.whl (1.7 MB)
   ━━━━━━━━━━━━━━━━━━━━━━━━━━━━━━━━━━━━━━━━ 1.7/1.7 MB 138.3 MB/s  0:00:00
Installing collected packages: torchvision, torch
  Attempting uninstall: torchvision
    Found existing installation: torchvision 0.29.0
    Uninstalling torchvision-0.29.0:
      Successfully uninstalled torchvision-0.29.0
  Attempting uninstall: torch
    Found existing installation: torch 2.14.0
    Uninstalling torch-2.14.0:
      Successfully uninstalled torch-2.14.0

WARNING: Ignoring invalid distribution ~orch (/workspace/scratch/f8392732e1af/.venv/lib/python3.12/site-packages)
Successfully installed torch-2.14.0+cpu torchvision-0.29.0+cpu
